Archive member included to satisfy reference by file (symbol)

../libDaisy/build/libdaisy.a(daisy_patch_sm.o)
                              build/reverb.o (daisy::patch_sm::DaisyPatchSM::Init())
../libDaisy/build/libdaisy.a(codec_pcm3060.o)
                              ../libDaisy/build/libdaisy.a(daisy_patch_sm.o) (daisy::Pcm3060::Init(daisy::I2CHandle))
../libDaisy/build/libdaisy.a(sdram.o)
                              ../libDaisy/build/libdaisy.a(daisy_patch_sm.o) (SdramHandle::Init())
../libDaisy/build/libdaisy.a(audio.o)
                              ../libDaisy/build/libdaisy.a(daisy_patch_sm.o) (daisy::AudioHandle::Init(daisy::AudioHandle::Config const&, daisy::SaiHandle))
../libDaisy/build/libdaisy.a(ctrl.o)
                              ../libDaisy/build/libdaisy.a(daisy_patch_sm.o) (daisy::AnalogControl::Init(unsigned short*, float, bool, bool, float))
../libDaisy/build/libdaisy.a(gatein.o)
                              ../libDaisy/build/libdaisy.a(daisy_patch_sm.o) (daisy::GateIn::Init(daisy::Pin, bool))
../libDaisy/build/libdaisy.a(adc.o)
                              ../libDaisy/build/libdaisy.a(daisy_patch_sm.o) (daisy::AdcChannelConfig::InitSingle(dsy_gpio_pin, daisy::AdcChannelConfig::ConversionSpeed))
../libDaisy/build/libdaisy.a(dac.o)
                              ../libDaisy/build/libdaisy.a(daisy_patch_sm.o) (daisy::DacHandle::Init(daisy::DacHandle::Config const&))
../libDaisy/build/libdaisy.a(gpio.o)
                              ../libDaisy/build/libdaisy.a(gatein.o) (daisy::GPIO::Init(daisy::Pin, daisy::GPIO::Mode, daisy::GPIO::Pull, daisy::GPIO::Speed))
../libDaisy/build/libdaisy.a(i2c.o)
                              ../libDaisy/build/libdaisy.a(daisy_patch_sm.o) (daisy::I2CHandle::Init(daisy::I2CHandle::Config const&))
../libDaisy/build/libdaisy.a(qspi.o)
                              ../libDaisy/build/libdaisy.a(daisy_patch_sm.o) (daisy::QSPIHandle::Init(daisy::QSPIHandle::Config const&))
../libDaisy/build/libdaisy.a(sai.o)
                              ../libDaisy/build/libdaisy.a(daisy_patch_sm.o) (daisy::SaiHandle::Init(daisy::SaiHandle::Config const&))
../libDaisy/build/libdaisy.a(system.o)
                              build/reverb.o (daisy::System::Delay(unsigned long))
../libDaisy/build/libdaisy.a(usbd_conf.o)
                              ../libDaisy/build/libdaisy.a(system.o) (hpcd_USB_OTG_HS)
../libDaisy/build/libdaisy.a(usbh_conf.o)
                              ../libDaisy/build/libdaisy.a(system.o) (hhcd_USB_OTG_HS)
../libDaisy/build/libdaisy.a(hal_map.o)
                              ../libDaisy/build/libdaisy.a(gpio.o) (dsy_hal_map_get_port)
../libDaisy/build/libdaisy.a(stm32h7xx_hal.o)
                              ../libDaisy/build/libdaisy.a(system.o) (HAL_Init)
../libDaisy/build/libdaisy.a(stm32h7xx_hal_adc.o)
                              ../libDaisy/build/libdaisy.a(adc.o) (HAL_ADC_ConfigChannel)
../libDaisy/build/libdaisy.a(stm32h7xx_hal_adc_ex.o)
                              ../libDaisy/build/libdaisy.a(adc.o) (HAL_ADCEx_Calibration_Start)
../libDaisy/build/libdaisy.a(stm32h7xx_hal_cortex.o)
                              ../libDaisy/build/libdaisy.a(stm32h7xx_hal.o) (HAL_NVIC_SetPriorityGrouping)
../libDaisy/build/libdaisy.a(stm32h7xx_hal_dac.o)
                              ../libDaisy/build/libdaisy.a(dac.o) (HAL_DAC_Init)
../libDaisy/build/libdaisy.a(stm32h7xx_hal_dac_ex.o)
                              ../libDaisy/build/libdaisy.a(stm32h7xx_hal_dac.o) (HAL_DACEx_DMAUnderrunCallbackCh2)
../libDaisy/build/libdaisy.a(stm32h7xx_hal_dma.o)
                              ../libDaisy/build/libdaisy.a(adc.o) (HAL_DMA_Init)
../libDaisy/build/libdaisy.a(stm32h7xx_hal_gpio.o)
                              ../libDaisy/build/libdaisy.a(sdram.o) (HAL_GPIO_Init)
../libDaisy/build/libdaisy.a(stm32h7xx_hal_hcd.o)
                              ../libDaisy/build/libdaisy.a(usbh_conf.o) (HAL_HCD_HC_Init)
../libDaisy/build/libdaisy.a(stm32h7xx_hal_i2c.o)
                              ../libDaisy/build/libdaisy.a(i2c.o) (HAL_I2C_Init)
../libDaisy/build/libdaisy.a(stm32h7xx_hal_i2c_ex.o)
                              ../libDaisy/build/libdaisy.a(i2c.o) (HAL_I2CEx_ConfigAnalogFilter)
../libDaisy/build/libdaisy.a(stm32h7xx_hal_pcd.o)
                              ../libDaisy/build/libdaisy.a(usbd_conf.o) (HAL_PCD_Init)
../libDaisy/build/libdaisy.a(stm32h7xx_hal_pcd_ex.o)
                              ../libDaisy/build/libdaisy.a(usbd_conf.o) (HAL_PCDEx_SetTxFiFo)
../libDaisy/build/libdaisy.a(stm32h7xx_hal_pwr_ex.o)
                              ../libDaisy/build/libdaisy.a(system.o) (HAL_PWREx_ConfigSupply)
../libDaisy/build/libdaisy.a(stm32h7xx_hal_qspi.o)
                              ../libDaisy/build/libdaisy.a(qspi.o) (HAL_QSPI_Init)
../libDaisy/build/libdaisy.a(stm32h7xx_hal_rcc.o)
                              ../libDaisy/build/libdaisy.a(system.o) (HAL_RCC_OscConfig)
../libDaisy/build/libdaisy.a(stm32h7xx_hal_rcc_ex.o)
[...]
Memory Configuration

Name             Origin             Length             Attributes
FLASH            0x08000000         0x00020000         xr
DTCMRAM          0x20000000         0x00020000         xrw
SRAM             0x24000000         0x00080000         xrw
RAM_D2_DMA       0x30000000         0x00008000         xrw
RAM_D2           0x30008000         0x00040000         xrw
RAM_D3           0x38000000         0x00010000         xrw
BACKUP_SRAM      0x38800000         0x00001000         xrw
ITCMRAM          0x00000000         0x00010000         xrw
SDRAM            0xc0000000         0x04000000         xrw
QSPIFLASH        0x90040000         0x007c0000         xr
*default*        0x00000000         0xffffffff

Linker script and memory map

LOAD /Applications/ArmGNUToolchain/15.2.rel1/arm-none-eabi/bin/../lib/gcc/arm-none-eabi/15.2.1/thumb/v7e-m+dp/hard/crti.o
LOAD /Applications/ArmGNUToolchain/15.2.rel1/arm-none-eabi/bin/../lib/gcc/arm-none-eabi/15.2.1/thumb/v7e-m+dp/hard/crtbegin.o
LOAD /Applications/ArmGNUToolchain/15.2.rel1/arm-none-eabi/bin/../lib/gcc/arm-none-eabi/15.2.1/../../../../arm-none-eabi/lib/thumb/v7e-m+dp/hard/crt0.o
LOAD build/startup_stm32h750xx.o
LOAD build/reverb.o
LOAD build/reverbsc.o
LOAD ../libDaisy/build/libdaisy.a
LOAD /Applications/ArmGNUToolchain/15.2.rel1/arm-none-eabi/bin/../lib/gcc/arm-none-eabi/15.2.1/../../../../arm-none-eabi/lib/thumb/v7e-m+dp/hard/libnosys.a
LOAD ../DaisySP/build/libdaisysp.a
LOAD /Applications/ArmGNUToolchain/15.2.rel1/arm-none-eabi/bin/../lib/gcc/arm-none-eabi/15.2.1/../../../../arm-none-eabi/lib/thumb/v7e-m+dp/hard/libstdc++_nano.a
LOAD /Applications/ArmGNUToolchain/15.2.rel1/arm-none-eabi/bin/../lib/gcc/arm-none-eabi/15.2.1/../../../../arm-none-eabi/lib/thumb/v7e-m+dp/hard/libm.a
LOAD /Applications/ArmGNUToolchain/15.2.rel1/arm-none-eabi/bin/../lib/gcc/arm-none-eabi/15.2.1/../../../../arm-none-eabi/lib/thumb/v7e-m+dp/hard/libc_nano.a
START GROUP
LOAD /Applications/ArmGNUToolchain/15.2.rel1/arm-none-eabi/bin/../lib/gcc/arm-none-eabi/15.2.1/thumb/v7e-m+dp/hard/libgcc.a
LOAD /Applications/ArmGNUToolchain/15.2.rel1/arm-none-eabi/bin/../lib/gcc/arm-none-eabi/15.2.1/../../../../arm-none-eabi/lib/thumb/v7e-m+dp/hard/libc_nano.a
END GROUP
START GROUP
LOAD /Applications/ArmGNUToolchain/15.2.rel1/arm-none-eabi/bin/../lib/gcc/arm-none-eabi/15.2.1/thumb/v7e-m+dp/hard/libgcc.a
LOAD /Applications/ArmGNUToolchain/15.2.rel1/arm-none-eabi/bin/../lib/gcc/arm-none-eabi/15.2.1/../../../../arm-none-eabi/lib/thumb/v7e-m+dp/hard/libc_nano.a
LOAD /Applications/ArmGNUToolchain/15.2.rel1/arm-none-eabi/bin/../lib/gcc/arm-none-eabi/15.2.1/../../../../arm-none-eabi/lib/thumb/v7e-m+dp/hard/libnosys.a
END GROUP
START GROUP
LOAD /Applications/ArmGNUToolchain/15.2.rel1/arm-none-eabi/bin/../lib/gcc/arm-none-eabi/15.2.1/thumb/v7e-m+dp/hard/libgcc.a
LOAD /Applications/ArmGNUToolchain/15.2.rel1/arm-none-eabi/bin/../lib/gcc/arm-none-eabi/15.2.1/../../../../arm-none-eabi/lib/thumb/v7e-m+dp/hard/libc_nano.a
LOAD /Applications/ArmGNUToolchain/15.2.rel1/arm-none-eabi/bin/../lib/gcc/arm-none-eabi/15.2.1/../../../../arm-none-eabi/lib/thumb/v7e-m+dp/hard/libnosys.a
END GROUP
LOAD /Applications/ArmGNUToolchain/15.2.rel1/arm-none-eabi/bin/../lib/gcc/arm-none-eabi/15.2.1/thumb/v7e-m+dp/hard/crtend.o
LOAD /Applications/ArmGNUToolchain/15.2.rel1/arm-none-eabi/bin/../lib/gcc/arm-none-eabi/15.2.1/thumb/v7e-m+dp/hard/crtn.o
                0x20020000                        _estack = 0x20020000

.isr_vector     0x90040000      0x298
                0x90040000                        . = ALIGN (0x4)
 *(.isr_vector)
 .isr_vector    0x90040000      0x298 build/startup_stm32h750xx.o
                0x90040000                g_pfnVectors
                0x90040298                        . = ALIGN (0x4)

.text           0x90040298    0x12988
                0x90040298                        . = ALIGN (0x4)
                0x90040298                        _stext = .
 *(.text)
 .text          0x90040298      0x378 /Applications/ArmGNUToolchain/15.2.rel1/arm-none-eabi/bin/../lib/gcc/arm-none-eabi/15.2.1/thumb/v7e-m+dp/hard/libgcc.a(_arm_addsubdf3.o)
                0x90040298                __aeabi_drsub
                0x900402a0                __subdf3
                0x900402a0                __aeabi_dsub
                0x900402a4                __aeabi_dadd
                0x900402a4                __adddf3
                0x9004051c                __aeabi_ui2d
                0x9004051c                __floatunsidf
                0x9004053c                __floatsidf
                0x9004053c                __aeabi_i2d
                0x90040560                __extendsfdf2
                0x90040560                __aeabi_f2d
                0x900405a4                __aeabi_ul2d
                0x900405a4                __floatundidf
                0x900405b4                __aeabi_l2d
                0x900405b4                __floatdidf
 .text          0x90040610       0x30 /Applications/ArmGNUToolchain/15.2.rel1/arm-none-eabi/bin/../lib/gcc/arm-none-eabi/15.2.1/thumb/v7e-m+dp/hard/libgcc.a(_aeabi_uldivmod.o)
                0x90040610                __aeabi_uldivmod
 .text          0x90040640        0x4 /Applications/ArmGNUToolchain/15.2.rel1/arm-none-eabi/bin/../lib/gcc/arm-none-eabi/15.2.1/thumb/v7e-m+dp/hard/libgcc.a(_dvmd_tls.o)
                0x90040640                __aeabi_ldiv0
                0x90040640                __aeabi_idiv0
 *(.text*)
 .text.deregister_tm_clones
                0x90040644       0x1c /Applications/ArmGNUToolchain/15.2.rel1/arm-none-eabi/bin/../lib/gcc/arm-none-eabi/15.2.1/thumb/v7e-m+dp/hard/crtbegin.o
 .text.register_tm_clones
                0x90040660       0x24 /Applications/ArmGNUToolchain/15.2.rel1/arm-none-eabi/bin/../lib/gcc/arm-none-eabi/15.2.1/thumb/v7e-m+dp/hard/crtbegin.o
 .text.__do_global_dtors_aux
                0x90040684       0x28 /Applications/ArmGNUToolchain/15.2.rel1/arm-none-eabi/bin/../lib/gcc/arm-none-eabi/15.2.1/thumb/v7e-m+dp/hard/crtbegin.o
 .text.frame_dummy
                0x900406ac       0x24 /Applications/ArmGNUToolchain/15.2.rel1/arm-none-eabi/bin/../lib/gcc/arm-none-eabi/15.2.1/thumb/v7e-m+dp/hard/crtbegin.o
 .text.Default_Handler
                0x900406d0        0x4 build/startup_stm32h750xx.o
                0x900406d0                SAI1_IRQHandler
                0x900406d0                HASH_RNG_IRQHandler
                0x900406d0                EXTI2_IRQHandler
                0x900406d0                TIM8_CC_IRQHandler
                0x900406d0                HRTIM1_Master_IRQHandler
                0x900406d0                DebugMon_Handler
                0x900406d0                TIM1_CC_IRQHandler
                0x900406d0                BDMA_Channel6_IRQHandler
                0x900406d0                DMA2_Stream5_IRQHandler
                0x900406d0                HRTIM1_FLT_IRQHandler
                0x900406d0                JPEG_IRQHandler
                0x900406d0                BDMA_Channel1_IRQHandler
                0x900406d0                HRTIM1_TIMD_IRQHandler
                0x900406d0                TAMP_STAMP_IRQHandler
                0x900406d0                PendSV_Handler
                0x900406d0                NMI_Handler
                0x900406d0                EXTI3_IRQHandler
                0x900406d0                LPTIM4_IRQHandler
                0x900406d0                TIM8_TRG_COM_TIM14_IRQHandler
                0x900406d0                LPTIM2_IRQHandler
                0x900406d0                DFSDM1_FLT1_IRQHandler
                0x900406d0                DMAMUX2_OVR_IRQHandler
                0x900406d0                TIM8_UP_TIM13_IRQHandler
                0x900406d0                I2C3_ER_IRQHandler
                0x900406d0                DFSDM1_FLT2_IRQHandler
                0x900406d0                MDMA_IRQHandler
                0x900406d0                LPTIM3_IRQHandler
                0x900406d0                HSEM1_IRQHandler
                0x900406d0                EXTI0_IRQHandler
                0x900406d0                FPU_IRQHandler
                0x900406d0                OTG_HS_WKUP_IRQHandler
                0x900406d0                FDCAN1_IT1_IRQHandler
                0x900406d0                UsageFault_Handler
                0x900406d0                LTDC_ER_IRQHandler
                0x900406d0                HRTIM1_TIME_IRQHandler
                0x900406d0                DCMI_IRQHandler
                0x900406d0                HRTIM1_TIMC_IRQHandler
                0x900406d0                SAI2_IRQHandler
                0x900406d0                DFSDM1_FLT3_IRQHandler
                0x900406d0                TIM17_IRQHandler
                0x900406d0                CRYP_IRQHandler
                0x900406d0                BDMA_Channel7_IRQHandler
                0x900406d0                LPTIM5_IRQHandler
                0x900406d0                ADC3_IRQHandler
                0x900406d0                BDMA_Channel2_IRQHandler
                0x900406d0                DMAMUX1_OVR_IRQHandler
                0x900406d0                TIM16_IRQHandler
                0x900406d0                BDMA_Channel5_IRQHandler
                0x900406d0                RCC_IRQHandler
                0x900406d0                TIM8_BRK_TIM12_IRQHandler
                0x900406d0                TIM1_TRG_COM_IRQHandler
                0x900406d0                Default_Handler
                0x900406d0                ECC_IRQHandler
                0x900406d0                CEC_IRQHandler
                0x900406d0                EXTI15_10_IRQHandler
                0x900406d0                BDMA_Channel0_IRQHandler
                0x900406d0                ADC_IRQHandler
                0x900406d0                DMA1_Stream7_IRQHandler
                0x900406d0                HRTIM1_TIMA_IRQHandler
                0x900406d0                TIM7_IRQHandler
                0x900406d0                SDMMC1_IRQHandler
                0x900406d0                DMA2_Stream7_IRQHandler
                0x900406d0                TIM15_IRQHandler
                0x900406d0                PVD_AVD_IRQHandler
                0x900406d0                EXTI9_5_IRQHandler
                0x900406d0                RTC_WKUP_IRQHandler
                0x900406d0                LTDC_IRQHandler
                0x900406d0                SAI3_IRQHandler
                0x900406d0                ETH_WKUP_IRQHandler
                0x900406d0                SPDIF_RX_IRQHandler
                0x900406d0                MemManage_Handler
                0x900406d0                SVC_Handler
                0x900406d0                CRS_IRQHandler
                0x900406d0                EXTI4_IRQHandler
                0x900406d0                HRTIM1_TIMB_IRQHandler
                0x900406d0                FDCAN2_IT1_IRQHandler
                0x900406d0                ETH_IRQHandler
                0x900406d0                TIM1_UP_IRQHandler
                0x900406d0                BDMA_Channel4_IRQHandler
                0x900406d0                WWDG_IRQHandler
                0x900406d0                SPI6_IRQHandler
                0x900406d0                I2C4_EV_IRQHandler
                0x900406d0                MDIOS_IRQHandler
                0x900406d0                FDCAN2_IT0_IRQHandler
                0x900406d0                FDCAN1_IT0_IRQHandler
                0x900406d0                OTG_FS_WKUP_IRQHandler
                0x900406d0                DMA2D_IRQHandler
                0x900406d0                TIM1_BRK_IRQHandler
                0x900406d0                EXTI1_IRQHandler
                0x900406d0                SDMMC2_IRQHandler
                0x900406d0                OTG_FS_EP1_OUT_IRQHandler
                0x900406d0                BDMA_Channel3_IRQHandler
                0x900406d0                MDIOS_WKUP_IRQHandler
                0x900406d0                DFSDM1_FLT0_IRQHandler
                0x900406d0                SAI4_IRQHandler
                0x900406d0                I2C2_ER_IRQHandler
                0x900406d0                FLASH_IRQHandler
                0x900406d0                BusFault_Handler
                0x900406d0                OTG_FS_IRQHandler
                0x900406d0                WAKEUP_PIN_IRQHandler
                0x900406d0                OTG_FS_EP1_IN_IRQHandler
                0x900406d0                I2C1_ER_IRQHandler
                0x900406d0                FMC_IRQHandler
                0x900406d0                FDCAN_CAL_IRQHandler
                0x900406d0                SWPMI1_IRQHandler
                0x900406d0                COMP1_IRQHandler
                0x900406d0                LPTIM1_IRQHandler
                0x900406d0                I2C4_ER_IRQHandler
                0x900406d0                DMA2_Stream6_IRQHandler
                0x900406d0                RTC_Alarm_IRQHandler
 .text.Reset_Handler
                0x900406d4       0x44 build/startup_stm32h750xx.o
                0x900406d4                Reset_Handler
 .text._Z13AudioCallbackPKPKfPPfj
                0x90040718      0x30c build/reverb.o
                0x90040718                AudioCallback(float const* const*, float**, unsigned int)
 .text.startup.main
                0x90040a24       0xa8 build/reverb.o
                0x90040a24                main
 .text.startup._GLOBAL__sub_I_hw
                0x90040acc       0x30 build/reverb.o
 .text._ZN7daisysp8ReverbSc17NextRandomLinesegEPNS_10ReverbScDlEi
                0x90040afc       0xfc build/reverbsc.o
                0x90040afc                daisysp::ReverbSc::NextRandomLineseg(daisysp::ReverbScDl*, int)
 .text._ZN7daisysp8ReverbSc13InitDelayLineEPNS_10ReverbScDlEi
                0x90040bf8       0xe4 build/reverbsc.o
                0x90040bf8                daisysp::ReverbSc::InitDelayLine(daisysp::ReverbScDl*, int)
 *fill*         0x90040cdc        0x4 
 .text._ZN7daisysp8ReverbSc4InitEf
                0x90040ce0       0xd0 build/reverbsc.o
                0x90040ce0                daisysp::ReverbSc::Init(float)
 .text._ZN7daisysp8ReverbSc7ProcessERKfS2_PfS3_
                0x90040db0      0x27c build/reverbsc.o
                0x90040db0                daisysp::ReverbSc::Process(float const&, float const&, float*, float*)
 .text._ZN5daisy8patch_sm12DaisyPatchSM4Impl19InternalDacCallbackEPPtj
                0x9004102c       0xb8 ../libDaisy/build/libdaisy.a(daisy_patch_sm.o)
                0x9004102c                daisy::patch_sm::DaisyPatchSM::Impl::InternalDacCallback(unsigned short**, unsigned int)
 .text._ZN5daisy8patch_sm12DaisyPatchSM4InitEv
                0x900410e4      0x2b4 ../libDaisy/build/libdaisy.a(daisy_patch_sm.o)
                0x900410e4                daisy::patch_sm::DaisyPatchSM::Init()
 .text._ZN5daisy8patch_sm12DaisyPatchSM10StartAudioEPFvPKPKfPPfjE
                0x90041398        0x8 ../libDaisy/build/libdaisy.a(daisy_patch_sm.o)
                0x90041398                daisy::patch_sm::DaisyPatchSM::StartAudio(void (*)(float const* const*, float**, unsigned int))
 .text._ZN5daisy8patch_sm12DaisyPatchSM17SetAudioBlockSizeEj
                0x900413a0       0x54 ../libDaisy/build/libdaisy.a(daisy_patch_sm.o)
                0x900413a0                daisy::patch_sm::DaisyPatchSM::SetAudioBlockSize(unsigned int)
 .text._ZN5daisy8patch_sm12DaisyPatchSM18SetAudioSampleRateENS_9SaiHandle6Config10SampleRateE
                0x900413f4       0x54 ../libDaisy/build/libdaisy.a(daisy_patch_sm.o)
                0x900413f4                daisy::patch_sm::DaisyPatchSM::SetAudioSampleRate(daisy::SaiHandle::Config::SampleRate)
 .text._ZN5daisy8patch_sm12DaisyPatchSM15AudioSampleRateEv
                0x90041448        0x8 ../libDaisy/build/libdaisy.a(daisy_patch_sm.o)
                0x90041448                daisy::patch_sm::DaisyPatchSM::AudioSampleRate()
 .text._ZN5daisy8patch_sm12DaisyPatchSM21ProcessAnalogControlsEv
                0x90041450       0x18 ../libDaisy/build/libdaisy.a(daisy_patch_sm.o)
                0x90041450                daisy::patch_sm::DaisyPatchSM::ProcessAnalogControls()
 .text._ZN5daisy8patch_sm12DaisyPatchSM22ProcessDigitalControlsEv
                0x90041468        0x4 ../libDaisy/build/libdaisy.a(daisy_patch_sm.o)
                0x90041468                daisy::patch_sm::DaisyPatchSM::ProcessDigitalControls()
 .text._ZN5daisy8patch_sm12DaisyPatchSM11GetAdcValueEi
                0x9004146c        0xc ../libDaisy/build/libdaisy.a(daisy_patch_sm.o)
                0x9004146c                daisy::patch_sm::DaisyPatchSM::GetAdcValue(int)
 .text._ZN5daisy8patch_sm12DaisyPatchSM10WriteCvOutEif
                0x90041478       0x8c ../libDaisy/build/libdaisy.a(daisy_patch_sm.o)
                0x90041478                daisy::patch_sm::DaisyPatchSM::WriteCvOut(int, float)
 .text.startup._GLOBAL__sub_I__ZN5daisy8patch_sm12DaisyPatchSM2A1E
                0x90041504       0x28 ../libDaisy/build/libdaisy.a(daisy_patch_sm.o)
 .text._ZN5daisy7Pcm30604InitENS_9I2CHandleE
                0x9004152c      0x170 ../libDaisy/build/libdaisy.a(codec_pcm3060.o)
                0x9004152c                daisy::Pcm3060::Init(daisy::I2CHandle)
 .text._ZN11SdramHandle10DeviceInitEv
                0x9004169c       0x88 ../libDaisy/build/libdaisy.a(sdram.o)
                0x9004169c                SdramHandle::DeviceInit()
 *fill*         0x90041724        0x4 
 .text._ZN11SdramHandle4InitEv
                0x90041728       0x88 ../libDaisy/build/libdaisy.a(sdram.o)
                0x90041728                SdramHandle::Init()
 .text.HAL_SDRAM_MspInit
                0x900417b0      0x19c ../libDaisy/build/libdaisy.a(sdram.o)
                0x900417b0                HAL_SDRAM_MspInit
 .text._ZN5daisy11AudioHandle4Impl16InternalCallbackEPlS2_j
                0x9004194c      0xdac ../libDaisy/build/libdaisy.a(audio.o)
                0x9004194c                daisy::AudioHandle::Impl::InternalCallback(long*, long*, unsigned int)
 .text._ZN5daisy11AudioHandle4InitERKNS0_6ConfigENS_9SaiHandleE
                0x900426f8       0x74 ../libDaisy/build/libdaisy.a(audio.o)
                0x900426f8                daisy::AudioHandle::Init(daisy::AudioHandle::Config const&, daisy::SaiHandle)
 .text._ZNK5daisy11AudioHandle9GetConfigEv
                0x9004276c        0x8 ../libDaisy/build/libdaisy.a(audio.o)
                0x9004276c                daisy::AudioHandle::GetConfig() const
 .text._ZN5daisy11AudioHandle12SetBlockSizeEj
                0x90042774       0x1c ../libDaisy/build/libdaisy.a(audio.o)
                0x90042774                daisy::AudioHandle::SetBlockSize(unsigned int)
 .text._ZN5daisy11AudioHandle13GetSampleRateEv
                0x90042790        0x8 ../libDaisy/build/libdaisy.a(audio.o)
                0x90042790                daisy::AudioHandle::GetSampleRate()
 .text._ZN5daisy11AudioHandle13SetSampleRateENS_9SaiHandle6Config10SampleRateE
                0x90042798       0x88 ../libDaisy/build/libdaisy.a(audio.o)
                0x90042798                daisy::AudioHandle::SetSampleRate(daisy::SaiHandle::Config::SampleRate)
 .text._ZN5daisy11AudioHandle5StartEPFvPKPKfPPfjE
                0x90042820       0x44 ../libDaisy/build/libdaisy.a(audio.o)
                0x90042820                daisy::AudioHandle::Start(void (*)(float const* const*, float**, unsigned int))
 .text.startup._GLOBAL__sub_I__ZN5daisy11AudioHandle4Impl4InitENS0_6ConfigENS_9SaiHandleE
                0x90042864       0x20 ../libDaisy/build/libdaisy.a(audio.o)
 .text._ZN5daisy13AnalogControl4InitEPtfbbf
                0x90042884       0x5c ../libDaisy/build/libdaisy.a(ctrl.o)
                0x90042884                daisy::AnalogControl::Init(unsigned short*, float, bool, bool, float)
 .text._ZN5daisy13AnalogControl13InitBipolarCvEPtf
                0x900428e0       0x64 ../libDaisy/build/libdaisy.a(ctrl.o)
                0x900428e0                daisy::AnalogControl::InitBipolarCv(unsigned short*, float)
 .text._ZN5daisy13AnalogControl7ProcessEv
                0x90042944       0x48 ../libDaisy/build/libdaisy.a(ctrl.o)
                0x90042944                daisy::AnalogControl::Process()
 .text._ZN5daisy13AnalogControl13SetSampleRateEf
                0x9004298c       0x50 ../libDaisy/build/libdaisy.a(ctrl.o)
                0x9004298c                daisy::AnalogControl::SetSampleRate(float)
 .text._ZN5daisy6GateIn4InitENS_3PinEb
                0x900429dc       0x24 ../libDaisy/build/libdaisy.a(gatein.o)
                0x900429dc                daisy::GateIn::Init(daisy::Pin, bool)
 .text._ZN5daisy16AdcChannelConfig10InitSingleE12dsy_gpio_pinNS0_15ConversionSpeedE
                0x90042a00       0x24 ../libDaisy/build/libdaisy.a(adc.o)
                0x90042a00                daisy::AdcChannelConfig::InitSingle(dsy_gpio_pin, daisy::AdcChannelConfig::ConversionSpeed)
 .text._ZN5daisy9AdcHandle4InitEPNS_16AdcChannelConfigEjNS0_12OverSamplingE
                0x90042a24      0x3f0 ../libDaisy/build/libdaisy.a(adc.o)
                0x90042a24                daisy::AdcHandle::Init(daisy::AdcChannelConfig*, unsigned int, daisy::AdcHandle::OverSampling)
 .text._ZN5daisy9AdcHandle5StartEv
                0x90042e14       0x28 ../libDaisy/build/libdaisy.a(adc.o)
                0x90042e14                daisy::AdcHandle::Start()
 .text._ZNK5daisy9AdcHandle6GetPtrEh
                0x90042e3c       0x18 ../libDaisy/build/libdaisy.a(adc.o)
                0x90042e3c                daisy::AdcHandle::GetPtr(unsigned char) const
 .text.HAL_ADC_MspInit
                0x90042e54       0x9c ../libDaisy/build/libdaisy.a(adc.o)
                0x90042e54                HAL_ADC_MspInit
 .text.DMA1_Stream2_IRQHandler
                0x90042ef0        0xc ../libDaisy/build/libdaisy.a(adc.o)
                0x90042ef0                DMA1_Stream2_IRQHandler
 .text.HAL_ADC_ConvCpltCallback
                0x90042efc      0x130 ../libDaisy/build/libdaisy.a(adc.o)
                0x90042efc                HAL_ADC_ConvCpltCallback
 .text.HAL_ADC_ErrorCallback
                0x9004302c        0x4 ../libDaisy/build/libdaisy.a(adc.o)
                0x9004302c                HAL_ADC_ErrorCallback
 .text.HAL_DAC_MspInit
                0x90043030      0x168 ../libDaisy/build/libdaisy.a(dac.o)
                0x90043030                HAL_DAC_MspInit
 .text.DMA2_Stream0_IRQHandler
                0x90043198        0xc ../libDaisy/build/libdaisy.a(dac.o)
                0x90043198                DMA2_Stream0_IRQHandler
 .text.DMA2_Stream1_IRQHandler
                0x900431a4        0xc ../libDaisy/build/libdaisy.a(dac.o)
                0x900431a4                DMA2_Stream1_IRQHandler
 .text.TIM6_DAC_IRQHandler
                0x900431b0       0x1c ../libDaisy/build/libdaisy.a(dac.o)
                0x900431b0                TIM6_DAC_IRQHandler
 .text.HAL_DAC_ConvCpltCallbackCh1
                0x900431cc       0x58 ../libDaisy/build/libdaisy.a(dac.o)
                0x900431cc                HAL_DAC_ConvCpltCallbackCh1
 .text.HAL_DAC_ConvHalfCpltCallbackCh1
                0x90043224       0x48 ../libDaisy/build/libdaisy.a(dac.o)
                0x90043224                HAL_DAC_ConvHalfCpltCallbackCh1
 .text.HAL_DACEx_ConvHalfCpltCallbackCh2
                0x9004326c       0x2c ../libDaisy/build/libdaisy.a(dac.o)
                0x9004326c                HAL_DACEx_ConvHalfCpltCallbackCh2
 .text.HAL_DACEx_ConvCpltCallbackCh2
                0x90043298       0x34 ../libDaisy/build/libdaisy.a(dac.o)
                0x90043298                HAL_DACEx_ConvCpltCallbackCh2
 .text._ZN5daisy9DacHandle4InitERKNS0_6ConfigE
                0x900432cc       0xfc ../libDaisy/build/libdaisy.a(dac.o)
                0x900432cc                daisy::DacHandle::Init(daisy::DacHandle::Config const&)
 .text._ZN5daisy9DacHandle5StartEPtS1_jPFvPS1_jE
                0x900433c8       0x64 ../libDaisy/build/libdaisy.a(dac.o)
                0x900433c8                daisy::DacHandle::Start(unsigned short*, unsigned short*, unsigned int, void (*)(unsigned short**, unsigned int))
 .text._ZN5daisy9DacHandle4StopEv
                0x9004342c       0x4c ../libDaisy/build/libdaisy.a(dac.o)
                0x9004342c                daisy::DacHandle::Stop()
 .text._ZN5daisy4GPIO4InitENS_3PinENS0_4ModeENS0_4PullENS0_5SpeedE
                0x90043478      0x224 ../libDaisy/build/libdaisy.a(gpio.o)
                0x90043478                daisy::GPIO::Init(daisy::Pin, daisy::GPIO::Mode, daisy::GPIO::Pull, daisy::GPIO::Speed)
 .text.dsy_gpio_init
                0x9004369c      0x1bc ../libDaisy/build/libdaisy.a(gpio.o)
                0x9004369c                dsy_gpio_init
 .text.dsy_gpio_write
                0x90043858       0x24 ../libDaisy/build/libdaisy.a(gpio.o)
                0x90043858                dsy_gpio_write
 .text._ZN5daisy9I2CHandle4Impl8InitPinsEv
                0x9004387c       0x50 ../libDaisy/build/libdaisy.a(i2c.o)
                0x9004387c                daisy::I2CHandle::Impl::InitPins()
 .text.HAL_I2C_MspInit
                0x900438cc      0x1c8 ../libDaisy/build/libdaisy.a(i2c.o)
                0x900438cc                HAL_I2C_MspInit
 .text.dsy_i2c_global_init
                0x90043a94       0x40 ../libDaisy/build/libdaisy.a(i2c.o)
                0x90043a94                dsy_i2c_global_init
 .text.DMA1_Stream6_IRQHandler
                0x90043ad4       0x40 ../libDaisy/build/libdaisy.a(i2c.o)
                0x90043ad4                DMA1_Stream6_IRQHandler
 .text.I2C1_EV_IRQHandler
                0x90043b14        0xc ../libDaisy/build/libdaisy.a(i2c.o)
                0x90043b14                I2C1_EV_IRQHandler
 .text.I2C2_EV_IRQHandler
                0x90043b20        0xc ../libDaisy/build/libdaisy.a(i2c.o)
                0x90043b20                I2C2_EV_IRQHandler
 .text.I2C3_EV_IRQHandler
                0x90043b2c        0xc ../libDaisy/build/libdaisy.a(i2c.o)
                0x90043b2c                I2C3_EV_IRQHandler
 .text._ZN5daisy9I2CHandle4InitERKNS0_6ConfigE
                0x90043b38      0x134 ../libDaisy/build/libdaisy.a(i2c.o)
                0x90043b38                daisy::I2CHandle::Init(daisy::I2CHandle::Config const&)
 .text._ZN5daisy9I2CHandle17ReadDataAtAddressEtttPhtm
                0x90043c6c       0x4c ../libDaisy/build/libdaisy.a(i2c.o)
                0x90043c6c                daisy::I2CHandle::ReadDataAtAddress(unsigned short, unsigned short, unsigned short, unsigned char*, unsigned short, unsigned long)
 .text._ZN5daisy9I2CHandle18WriteDataAtAddressEtttPhtm
                0x90043cb8       0x4c ../libDaisy/build/libdaisy.a(i2c.o)
                0x90043cb8                daisy::I2CHandle::WriteDataAtAddress(unsigned short, unsigned short, unsigned short, unsigned char*, unsigned short, unsigned long)
 .text.startup._GLOBAL__sub_I__ZN5daisy9I2CHandle4Impl10GlobalInitEv
                0x90043d04       0x18 ../libDaisy/build/libdaisy.a(i2c.o)
 .text._ZN5daisy10QSPIHandle4Impl11WriteEnableEv
                0x90043d1c       0x8c ../libDaisy/build/libdaisy.a(qspi.o)
                0x90043d1c                daisy::QSPIHandle::Impl::WriteEnable()
 .text._ZN5daisy10QSPIHandle4Impl17DummyCyclesConfigENS0_6Config6DeviceE
                0x90043da8      0x108 ../libDaisy/build/libdaisy.a(qspi.o)
                0x90043da8                daisy::QSPIHandle::Impl::DummyCyclesConfig(daisy::QSPIHandle::Config::Device)
 .text._ZN5daisy10QSPIHandle4Impl10QuadEnableEv
                0x90043eb0      0x13c ../libDaisy/build/libdaisy.a(qspi.o)
                0x90043eb0                daisy::QSPIHandle::Impl::QuadEnable()
 *fill*         0x90043fec        0x4 
 .text._ZN5daisy10QSPIHandle4InitERKNS0_6ConfigE
                0x90043ff0      0x188 ../libDaisy/build/libdaisy.a(qspi.o)
                0x90043ff0                daisy::QSPIHandle::Init(daisy::QSPIHandle::Config const&)
 .text.HAL_QSPI_MspInit
                0x90044178      0x110 ../libDaisy/build/libdaisy.a(qspi.o)
                0x90044178                HAL_QSPI_MspInit
 .text.HAL_QSPI_MspDeInit
                0x90044288       0x54 ../libDaisy/build/libdaisy.a(qspi.o)
                0x90044288                HAL_QSPI_MspDeInit
 .text.QUADSPI_IRQHandler
                0x900442dc        0xc ../libDaisy/build/libdaisy.a(qspi.o)
                0x900442dc                QUADSPI_IRQHandler
 .text.startup._GLOBAL__sub_I__ZN5daisy10QSPIHandle4Impl4InitERKNS0_6ConfigE
                0x900442e8       0x24 ../libDaisy/build/libdaisy.a(qspi.o)
 .text._ZN5daisy9SaiHandle4Impl8InitPinsEv
                0x9004430c       0xa0 ../libDaisy/build/libdaisy.a(sai.o)
                0x9004430c                daisy::SaiHandle::Impl::InitPins()
 .text.HAL_SAI_MspInit
                0x900443ac      0x2e0 ../libDaisy/build/libdaisy.a(sai.o)
                0x900443ac                HAL_SAI_MspInit
 .text.DMA1_Stream0_IRQHandler
                0x9004468c        0xc ../libDaisy/build/libdaisy.a(sai.o)
                0x9004468c                DMA1_Stream0_IRQHandler
 .text.DMA1_Stream1_IRQHandler
                0x90044698        0xc ../libDaisy/build/libdaisy.a(sai.o)
                0x90044698                DMA1_Stream1_IRQHandler
 .text.DMA1_Stream3_IRQHandler
                0x900446a4        0xc ../libDaisy/build/libdaisy.a(sai.o)
                0x900446a4                DMA1_Stream3_IRQHandler
 .text.DMA1_Stream4_IRQHandler
                0x900446b0        0xc ../libDaisy/build/libdaisy.a(sai.o)
                0x900446b0                DMA1_Stream4_IRQHandler
 .text.HAL_SAI_RxHalfCpltCallback
                0x900446bc       0x78 ../libDaisy/build/libdaisy.a(sai.o)
                0x900446bc                HAL_SAI_RxHalfCpltCallback
 .text.HAL_SAI_RxCpltCallback
                0x90044734       0x70 ../libDaisy/build/libdaisy.a(sai.o)
                0x90044734                HAL_SAI_RxCpltCallback
 *fill*         0x900447a4        0x4 
 .text._ZN5daisy9SaiHandle4InitERKNS0_6ConfigE
                0x900447a8      0x1fc ../libDaisy/build/libdaisy.a(sai.o)
                0x900447a8                daisy::SaiHandle::Init(daisy::SaiHandle::Config const&)
 .text._ZNK5daisy9SaiHandle9GetConfigEv
                0x900449a4        0x4 ../libDaisy/build/libdaisy.a(sai.o)
                0x900449a4                daisy::SaiHandle::GetConfig() const
 .text._ZN5daisy9SaiHandle8StartDmaEPlS1_jPFvS1_S1_jE
                0x900449a8       0xb4 ../libDaisy/build/libdaisy.a(sai.o)
                0x900449a8                daisy::SaiHandle::StartDma(long*, long*, unsigned int, void (*)(long*, long*, unsigned int))
 .text._ZN5daisy9SaiHandle13GetSampleRateEv
                0x90044a5c       0x24 ../libDaisy/build/libdaisy.a(sai.o)
                0x90044a5c                daisy::SaiHandle::GetSampleRate()
 .text._ZNK5daisy9SaiHandle9GetOffsetEv
                0x90044a80        0x8 ../libDaisy/build/libdaisy.a(sai.o)
                0x90044a80                daisy::SaiHandle::GetOffset() const
 .text.SysTick_Handler
                0x90044a88       0x10 ../libDaisy/build/libdaisy.a(system.o)
                0x90044a88                SysTick_Handler
 .text.OTG_HS_EP1_OUT_IRQHandler
                0x90044a98       0x24 ../libDaisy/build/libdaisy.a(system.o)
                0x90044a98                OTG_HS_EP1_OUT_IRQHandler
 .text.OTG_HS_EP1_IN_IRQHandler
                0x90044abc       0x24 ../libDaisy/build/libdaisy.a(system.o)
                0x90044abc                OTG_HS_EP1_IN_IRQHandler
 .text.OTG_HS_IRQHandler
                0x90044ae0       0x24 ../libDaisy/build/libdaisy.a(system.o)
                0x90044ae0                OTG_HS_IRQHandler
 .text.HardFault_Handler
                0x90044b04       0xe0 ../libDaisy/build/libdaisy.a(system.o)
                0x90044b04                HardFault_Handler
 .text._ZN5daisy6System5DelayEm
                0x90044be4        0x4 ../libDaisy/build/libdaisy.a(system.o)
                0x90044be4                daisy::System::Delay(unsigned long)
 .text._ZN5daisy6System20GetBootloaderVersionEv
                0x90044be8       0x34 ../libDaisy/build/libdaisy.a(system.o)
                0x90044be8                daisy::System::GetBootloaderVersion()
 .text._ZN5daisy6System15ConfigureClocksEv
                0x90044c1c      0x18c ../libDaisy/build/libdaisy.a(system.o)
                0x90044c1c                daisy::System::ConfigureClocks()
 .text._ZN5daisy6System12ConfigureMpuEv
                0x90044da8       0x7c ../libDaisy/build/libdaisy.a(system.o)
                0x90044da8                daisy::System::ConfigureMpu()
 .text._ZN5daisy6System4InitERKNS0_6ConfigE
                0x90044e24       0xec ../libDaisy/build/libdaisy.a(system.o)
                0x90044e24                daisy::System::Init(daisy::System::Config const&)
 .text._ZN5daisy6System12GetPClk1FreqEv
                0x90044f10        0x4 ../libDaisy/build/libdaisy.a(system.o)
                0x90044f10                daisy::System::GetPClk1Freq()
 .text._ZN5daisy6System12GetPClk2FreqEv
                0x90044f14        0x4 ../libDaisy/build/libdaisy.a(system.o)
                0x90044f14                daisy::System::GetPClk2Freq()
 .text._ZN5daisy6System22GetProgramMemoryRegionEv
                0x90044f18       0x78 ../libDaisy/build/libdaisy.a(system.o)
                0x90044f18                daisy::System::GetProgramMemoryRegion()
 .text.startup._GLOBAL__sub_I__ZN5daisy9boot_infoE
                0x90044f90        0xc ../libDaisy/build/libdaisy.a(system.o)
 .text.HAL_PCD_SetupStageCallback
                0x90044f9c        0xc ../libDaisy/build/libdaisy.a(usbd_conf.o)
                0x90044f9c                HAL_PCD_SetupStageCallback
 .text.HAL_PCD_DataOutStageCallback
                0x90044fa8       0x18 ../libDaisy/build/libdaisy.a(usbd_conf.o)
                0x90044fa8                HAL_PCD_DataOutStageCallback
 .text.HAL_PCD_DataInStageCallback
                0x90044fc0       0x14 ../libDaisy/build/libdaisy.a(usbd_conf.o)
                0x90044fc0                HAL_PCD_DataInStageCallback
 .text.HAL_PCD_SOFCallback
                0x90044fd4        0x8 ../libDaisy/build/libdaisy.a(usbd_conf.o)
                0x90044fd4                HAL_PCD_SOFCallback
 .text.HAL_PCD_ResetCallback
                0x90044fdc       0x2c ../libDaisy/build/libdaisy.a(usbd_conf.o)
                0x90044fdc                HAL_PCD_ResetCallback
 .text.HAL_PCD_SuspendCallback
                0x90045008       0x30 ../libDaisy/build/libdaisy.a(usbd_conf.o)
                0x90045008                HAL_PCD_SuspendCallback
 .text.HAL_PCD_ResumeCallback
                0x90045038        0x8 ../libDaisy/build/libdaisy.a(usbd_conf.o)
                0x90045038                HAL_PCD_ResumeCallback
 .text.HAL_PCD_ISOOUTIncompleteCallback
                0x90045040        0x8 ../libDaisy/build/libdaisy.a(usbd_conf.o)
                0x90045040                HAL_PCD_ISOOUTIncompleteCallback
 .text.HAL_PCD_ISOINIncompleteCallback
                0x90045048        0x8 ../libDaisy/build/libdaisy.a(usbd_conf.o)
                0x90045048                HAL_PCD_ISOINIncompleteCallback
 .text.HAL_PCD_ConnectCallback
                0x90045050        0x8 ../libDaisy/build/libdaisy.a(usbd_conf.o)
                0x90045050                HAL_PCD_ConnectCallback
 .text.HAL_PCD_DisconnectCallback
                0x90045058        0x8 ../libDaisy/build/libdaisy.a(usbd_conf.o)
                0x90045058                HAL_PCD_DisconnectCallback
 .text.USBD_LL_OpenEP
                0x90045060       0x1c ../libDaisy/build/libdaisy.a(usbd_conf.o)
                0x90045060                USBD_LL_OpenEP
 .text.USBD_LL_StallEP
                0x9004507c       0x18 ../libDaisy/build/libdaisy.a(usbd_conf.o)
                0x9004507c                USBD_LL_StallEP
 .text.USBD_LL_ClearStallEP
                0x90045094       0x18 ../libDaisy/build/libdaisy.a(usbd_conf.o)
                0x90045094                USBD_LL_ClearStallEP
 .text.USBD_LL_IsStallEP
                0x900450ac       0x28 ../libDaisy/build/libdaisy.a(usbd_conf.o)
                0x900450ac                USBD_LL_IsStallEP
 .text.USBD_LL_SetUSBAddress
                0x900450d4       0x18 ../libDaisy/build/libdaisy.a(usbd_conf.o)
                0x900450d4                USBD_LL_SetUSBAddress
 .text.USBD_LL_Transmit
                0x900450ec       0x18 ../libDaisy/build/libdaisy.a(usbd_conf.o)
                0x900450ec                USBD_LL_Transmit
 .text.USBD_LL_PrepareReceive
                0x90045104       0x18 ../libDaisy/build/libdaisy.a(usbd_conf.o)
                0x90045104                USBD_LL_PrepareReceive
 .text.HAL_HCD_SOF_Callback
                0x9004511c        0x8 ../libDaisy/build/libdaisy.a(usbh_conf.o)
                0x9004511c                HAL_HCD_SOF_Callback
 .text.HAL_HCD_Connect_Callback
                0x90045124        0x8 ../libDaisy/build/libdaisy.a(usbh_conf.o)
                0x90045124                HAL_HCD_Connect_Callback
 .text.HAL_HCD_Disconnect_Callback
                0x9004512c        0x8 ../libDaisy/build/libdaisy.a(usbh_conf.o)
                0x9004512c                HAL_HCD_Disconnect_Callback
 .text.HAL_HCD_HC_NotifyURBChange_Callback
                0x90045134        0x4 ../libDaisy/build/libdaisy.a(usbh_conf.o)
                0x90045134                HAL_HCD_HC_NotifyURBChange_Callback
 .text.HAL_HCD_PortEnabled_Callback
                0x90045138        0x8 ../libDaisy/build/libdaisy.a(usbh_conf.o)
                0x90045138                HAL_HCD_PortEnabled_Callback
 .text.HAL_HCD_PortDisabled_Callback
                0x90045140        0x8 ../libDaisy/build/libdaisy.a(usbh_conf.o)
                0x90045140                HAL_HCD_PortDisabled_Callback
 .text.USBH_LL_Stop
                0x90045148       0x18 ../libDaisy/build/libdaisy.a(usbh_conf.o)
                0x90045148                USBH_LL_Stop
 .text.dsy_hal_map_get_port
                0x90045160       0x10 ../libDaisy/build/libdaisy.a(hal_map.o)
                0x90045160                dsy_hal_map_get_port
 .text.dsy_hal_map_get_pin
                0x90045170       0x10 ../libDaisy/build/libdaisy.a(hal_map.o)
                0x90045170                dsy_hal_map_get_pin
 .text.dsy_hal_map_gpio_clk_enable
                0x90045180      0x150 ../libDaisy/build/libdaisy.a(hal_map.o)
                0x90045180                dsy_hal_map_gpio_clk_enable
 .text.HAL_MspInit
                0x900452d0        0x4 ../libDaisy/build/libdaisy.a(stm32h7xx_hal.o)
                0x900452d0                HAL_MspInit
 .text.HAL_InitTick
                0x900452d4       0x54 ../libDaisy/build/libdaisy.a(stm32h7xx_hal.o)
                0x900452d4                HAL_InitTick
 .text.HAL_Init
                0x90045328       0x6c ../libDaisy/build/libdaisy.a(stm32h7xx_hal.o)
                0x90045328                HAL_Init
 .text.HAL_IncTick
                0x90045394       0x18 ../libDaisy/build/libdaisy.a(stm32h7xx_hal.o)
                0x90045394                HAL_IncTick
 .text.HAL_GetTick
                0x900453ac        0xc ../libDaisy/build/libdaisy.a(stm32h7xx_hal.o)
                0x900453ac                HAL_GetTick
 .text.HAL_Delay
                0x900453b8       0x24 ../libDaisy/build/libdaisy.a(stm32h7xx_hal.o)
                0x900453b8                HAL_Delay
 .text.HAL_GetREVID
                0x900453dc        0xc ../libDaisy/build/libdaisy.a(stm32h7xx_hal.o)
                0x900453dc                HAL_GetREVID
 .text.HAL_ADC_ConvHalfCpltCallback
                0x900453e8        0x4 ../libDaisy/build/libdaisy.a(stm32h7xx_hal_adc.o)
                0x900453e8                HAL_ADC_ConvHalfCpltCallback
 .text.ADC_DMAHalfConvCplt
                0x900453ec        0xc ../libDaisy/build/libdaisy.a(stm32h7xx_hal_adc.o)
                0x900453ec                ADC_DMAHalfConvCplt
 .text.ADC_DMAConvCplt
                0x900453f8       0x6c ../libDaisy/build/libdaisy.a(stm32h7xx_hal_adc.o)
                0x900453f8                ADC_DMAConvCplt
 .text.ADC_DMAError
                0x90045464       0x1c ../libDaisy/build/libdaisy.a(stm32h7xx_hal_adc.o)
                0x90045464                ADC_DMAError
 .text.HAL_ADC_ConfigChannel
                0x90045480      0x400 ../libDaisy/build/libdaisy.a(stm32h7xx_hal_adc.o)
                0x90045480                HAL_ADC_ConfigChannel
 .text.ADC_Enable
                0x90045880       0xb0 ../libDaisy/build/libdaisy.a(stm32h7xx_hal_adc.o)
                0x90045880                ADC_Enable
 .text.HAL_ADC_Start_DMA
                0x90045930      0x120 ../libDaisy/build/libdaisy.a(stm32h7xx_hal_adc.o)
                0x90045930                HAL_ADC_Start_DMA
 .text.ADC_Disable
                0x90045a50       0x8c ../libDaisy/build/libdaisy.a(stm32h7xx_hal_adc.o)
                0x90045a50                ADC_Disable
 .text.ADC_ConfigureBoostMode
                0x90045adc      0x178 ../libDaisy/build/libdaisy.a(stm32h7xx_hal_adc.o)
                0x90045adc                ADC_ConfigureBoostMode
 .text.HAL_ADC_Init
                0x90045c54      0x264 ../libDaisy/build/libdaisy.a(stm32h7xx_hal_adc.o)
                0x90045c54                HAL_ADC_Init
 .text.HAL_ADCEx_Calibration_Start
                0x90045eb8       0xbc ../libDaisy/build/libdaisy.a(stm32h7xx_hal_adc_ex.o)
                0x90045eb8                HAL_ADCEx_Calibration_Start
 .text.HAL_ADCEx_MultiModeConfigChannel
                0x90045f74       0xe0 ../libDaisy/build/libdaisy.a(stm32h7xx_hal_adc_ex.o)
                0x90045f74                HAL_ADCEx_MultiModeConfigChannel
 .text.HAL_NVIC_SetPriorityGrouping
                0x90046054       0x24 ../libDaisy/build/libdaisy.a(stm32h7xx_hal_cortex.o)
                0x90046054                HAL_NVIC_SetPriorityGrouping
 .text.HAL_NVIC_SetPriority
                0x90046078       0x60 ../libDaisy/build/libdaisy.a(stm32h7xx_hal_cortex.o)
                0x90046078                HAL_NVIC_SetPriority
 .text.HAL_NVIC_EnableIRQ
                0x900460d8       0x1c ../libDaisy/build/libdaisy.a(stm32h7xx_hal_cortex.o)
                0x900460d8                HAL_NVIC_EnableIRQ
 .text.HAL_NVIC_DisableIRQ
                0x900460f4       0x24 ../libDaisy/build/libdaisy.a(stm32h7xx_hal_cortex.o)
                0x900460f4                HAL_NVIC_DisableIRQ
 .text.HAL_SYSTICK_Config
                0x90046118       0x2c ../libDaisy/build/libdaisy.a(stm32h7xx_hal_cortex.o)
                0x90046118                HAL_SYSTICK_Config
 .text.HAL_MPU_Disable
                0x90046144       0x1c ../libDaisy/build/libdaisy.a(stm32h7xx_hal_cortex.o)
                0x90046144                HAL_MPU_Disable
 .text.HAL_MPU_Enable
                0x90046160       0x20 ../libDaisy/build/libdaisy.a(stm32h7xx_hal_cortex.o)
                0x90046160                HAL_MPU_Enable
 .text.HAL_MPU_ConfigRegion
                0x90046180       0x64 ../libDaisy/build/libdaisy.a(stm32h7xx_hal_cortex.o)
                0x90046180                HAL_MPU_ConfigRegion
 .text.HAL_SYSTICK_Callback
                0x900461e4        0x4 ../libDaisy/build/libdaisy.a(stm32h7xx_hal_cortex.o)
                0x900461e4                HAL_SYSTICK_Callback
 .text.HAL_SYSTICK_IRQHandler
                0x900461e8        0x8 ../libDaisy/build/libdaisy.a(stm32h7xx_hal_cortex.o)
                0x900461e8                HAL_SYSTICK_IRQHandler
 .text.HAL_DAC_Init
                0x900461f0       0x34 ../libDaisy/build/libdaisy.a(stm32h7xx_hal_dac.o)
                0x900461f0                HAL_DAC_Init
 .text.HAL_DAC_Start_DMA
                0x90046224      0x10c ../libDaisy/build/libdaisy.a(stm32h7xx_hal_dac.o)
                0x90046224                HAL_DAC_Start_DMA
 .text.HAL_DAC_Stop_DMA
                0x90046330       0x58 ../libDaisy/build/libdaisy.a(stm32h7xx_hal_dac.o)
                0x90046330                HAL_DAC_Stop_DMA
 .text.DAC_DMAConvCpltCh1
                0x90046388       0x18 ../libDaisy/build/libdaisy.a(stm32h7xx_hal_dac.o)
 .text.DAC_DMAHalfConvCpltCh1
                0x900463a0        0xc ../libDaisy/build/libdaisy.a(stm32h7xx_hal_dac.o)
 .text.HAL_DAC_ErrorCallbackCh1
                0x900463ac        0x4 ../libDaisy/build/libdaisy.a(stm32h7xx_hal_dac.o)
                0x900463ac                HAL_DAC_ErrorCallbackCh1
 .text.DAC_DMAErrorCh1
                0x900463b0       0x20 ../libDaisy/build/libdaisy.a(stm32h7xx_hal_dac.o)
 .text.HAL_DAC_DMAUnderrunCallbackCh1
                0x900463d0        0x4 ../libDaisy/build/libdaisy.a(stm32h7xx_hal_dac.o)
                0x900463d0                HAL_DAC_DMAUnderrunCallbackCh1
 .text.HAL_DAC_IRQHandler
                0x900463d4       0x74 ../libDaisy/build/libdaisy.a(stm32h7xx_hal_dac.o)
                0x900463d4                HAL_DAC_IRQHandler
 .text.HAL_DAC_ConfigChannel
                0x90046448      0x120 ../libDaisy/build/libdaisy.a(stm32h7xx_hal_dac.o)
                0x90046448                HAL_DAC_ConfigChannel
 .text.HAL_DACEx_ErrorCallbackCh2
                0x90046568        0x4 ../libDaisy/build/libdaisy.a(stm32h7xx_hal_dac_ex.o)
                0x90046568                HAL_DACEx_ErrorCallbackCh2
 .text.HAL_DACEx_DMAUnderrunCallbackCh2
                0x9004656c        0x4 ../libDaisy/build/libdaisy.a(stm32h7xx_hal_dac_ex.o)
                0x9004656c                HAL_DACEx_DMAUnderrunCallbackCh2
 .text.DAC_DMAConvCpltCh2
                0x90046570       0x18 ../libDaisy/build/libdaisy.a(stm32h7xx_hal_dac_ex.o)
                0x90046570                DAC_DMAConvCpltCh2
 .text.DAC_DMAHalfConvCpltCh2
                0x90046588        0xc ../libDaisy/build/libdaisy.a(stm32h7xx_hal_dac_ex.o)
                0x90046588                DAC_DMAHalfConvCpltCh2
 .text.DAC_DMAErrorCh2
                0x90046594       0x20 ../libDaisy/build/libdaisy.a(stm32h7xx_hal_dac_ex.o)
                0x90046594                DAC_DMAErrorCh2
 .text.DMA_CalcBaseAndBitshift
                0x900465b4       0xfc ../libDaisy/build/libdaisy.a(stm32h7xx_hal_dma.o)
 .text.DMA_CalcDMAMUXChannelBaseAndMask
                0x900466b0       0xe0 ../libDaisy/build/libdaisy.a(stm32h7xx_hal_dma.o)
 .text.HAL_DMA_Init
                0x90046790      0x338 ../libDaisy/build/libdaisy.a(stm32h7xx_hal_dma.o)
                0x90046790                HAL_DMA_Init
 .text.HAL_DMA_Start_IT
                0x90046ac8      0x280 ../libDaisy/build/libdaisy.a(stm32h7xx_hal_dma.o)
                0x90046ac8                HAL_DMA_Start_IT
 .text.HAL_DMA_Abort
                0x90046d48      0x208 ../libDaisy/build/libdaisy.a(stm32h7xx_hal_dma.o)
                0x90046d48                HAL_DMA_Abort
 .text.HAL_DMA_Abort_IT
                0x90046f50       0xf4 ../libDaisy/build/libdaisy.a(stm32h7xx_hal_dma.o)
                0x90046f50                HAL_DMA_Abort_IT
 .text.HAL_DMA_IRQHandler
                0x90047044      0x6c0 ../libDaisy/build/libdaisy.a(stm32h7xx_hal_dma.o)
                0x90047044                HAL_DMA_IRQHandler
 .text.HAL_DMA_GetError
                0x90047704        0x4 ../libDaisy/build/libdaisy.a(stm32h7xx_hal_dma.o)
                0x90047704                HAL_DMA_GetError
 .text.HAL_GPIO_Init
                0x90047708      0x3f0 ../libDaisy/build/libdaisy.a(stm32h7xx_hal_gpio.o)
                0x90047708                HAL_GPIO_Init
 .text.HAL_GPIO_DeInit
                0x90047af8      0x23c ../libDaisy/build/libdaisy.a(stm32h7xx_hal_gpio.o)
                0x90047af8                HAL_GPIO_DeInit
 .text.HAL_GPIO_WritePin
                0x90047d34        0x8 ../libDaisy/build/libdaisy.a(stm32h7xx_hal_gpio.o)
                0x90047d34                HAL_GPIO_WritePin
 .text.HAL_HCD_IRQHandler
                0x90047d3c      0x8a8 ../libDaisy/build/libdaisy.a(stm32h7xx_hal_hcd.o)
                0x90047d3c                HAL_HCD_IRQHandler
 .text.HAL_HCD_Stop
                0x900485e4       0x30 ../libDaisy/build/libdaisy.a(stm32h7xx_hal_hcd.o)
                0x900485e4                HAL_HCD_Stop
 .text.I2C_WaitOnTXISFlagUntilTimeout
                0x90048614       0xd0 ../libDaisy/build/libdaisy.a(stm32h7xx_hal_i2c.o)
 .text.I2C_WaitOnSTOPFlagUntilTimeout
                0x900486e4       0xa8 ../libDaisy/build/libdaisy.a(stm32h7xx_hal_i2c.o)
 .text.HAL_I2C_Init
                0x9004878c       0xc0 ../libDaisy/build/libdaisy.a(stm32h7xx_hal_i2c.o)
                0x9004878c                HAL_I2C_Init
 .text.HAL_I2C_Mem_Write
                0x9004884c      0x24c ../libDaisy/build/libdaisy.a(stm32h7xx_hal_i2c.o)
                0x9004884c                HAL_I2C_Mem_Write
 .text.HAL_I2C_Mem_Read
                0x90048a98      0x298 ../libDaisy/build/libdaisy.a(stm32h7xx_hal_i2c.o)
                0x90048a98                HAL_I2C_Mem_Read
 .text.HAL_I2C_EV_IRQHandler
                0x90048d30       0x1c ../libDaisy/build/libdaisy.a(stm32h7xx_hal_i2c.o)
                0x90048d30                HAL_I2C_EV_IRQHandler
 .text.HAL_I2C_GetState
                0x90048d4c        0x8 ../libDaisy/build/libdaisy.a(stm32h7xx_hal_i2c.o)
                0x90048d4c                HAL_I2C_GetState
 .text.HAL_I2CEx_ConfigAnalogFilter
                0x90048d54       0x58 ../libDaisy/build/libdaisy.a(stm32h7xx_hal_i2c_ex.o)
                0x90048d54                HAL_I2CEx_ConfigAnalogFilter
 .text.HAL_I2CEx_ConfigDigitalFilter
                0x90048dac       0x54 ../libDaisy/build/libdaisy.a(stm32h7xx_hal_i2c_ex.o)
                0x90048dac                HAL_I2CEx_ConfigDigitalFilter
 .text.HAL_PCD_IRQHandler
                0x90048e00      0x73c ../libDaisy/build/libdaisy.a(stm32h7xx_hal_pcd.o)
                0x90048e00                HAL_PCD_IRQHandler
 .text.HAL_PCD_SetAddress
                0x9004953c       0x34 ../libDaisy/build/libdaisy.a(stm32h7xx_hal_pcd.o)
                0x9004953c                HAL_PCD_SetAddress
 .text.HAL_PCD_EP_Open
                0x90049570       0x7c ../libDaisy/build/libdaisy.a(stm32h7xx_hal_pcd.o)
                0x90049570                HAL_PCD_EP_Open
 .text.HAL_PCD_EP_Receive
                0x900495ec       0x58 ../libDaisy/build/libdaisy.a(stm32h7xx_hal_pcd.o)
                0x900495ec                HAL_PCD_EP_Receive
 .text.HAL_PCD_EP_Transmit
                0x90049644       0x50 ../libDaisy/build/libdaisy.a(stm32h7xx_hal_pcd.o)
                0x90049644                HAL_PCD_EP_Transmit
 .text.HAL_PCD_EP_SetStall
                0x90049694       0x98 ../libDaisy/build/libdaisy.a(stm32h7xx_hal_pcd.o)
                0x90049694                HAL_PCD_EP_SetStall
 .text.HAL_PCD_EP_ClrStall
                0x9004972c       0x78 ../libDaisy/build/libdaisy.a(stm32h7xx_hal_pcd.o)
                0x9004972c                HAL_PCD_EP_ClrStall
 .text.HAL_PCDEx_LPM_Callback
                0x900497a4        0x4 ../libDaisy/build/libdaisy.a(stm32h7xx_hal_pcd_ex.o)
                0x900497a4                HAL_PCDEx_LPM_Callback
 .text.HAL_PWREx_ConfigSupply
                0x900497a8       0x4c ../libDaisy/build/libdaisy.a(stm32h7xx_hal_pwr_ex.o)
                0x900497a8                HAL_PWREx_ConfigSupply
 .text.HAL_PWREx_EnableUSBVoltageDetector
                0x900497f4       0x10 ../libDaisy/build/libdaisy.a(stm32h7xx_hal_pwr_ex.o)
                0x900497f4                HAL_PWREx_EnableUSBVoltageDetector
 .text.QSPI_Config
                0x90049804      0x1b0 ../libDaisy/build/libdaisy.a(stm32h7xx_hal_qspi.o)
 .text.HAL_QSPI_Init
                0x900499b4      0x100 ../libDaisy/build/libdaisy.a(stm32h7xx_hal_qspi.o)
                0x900499b4                HAL_QSPI_Init
 .text.HAL_QSPI_DeInit
                0x90049ab4       0x40 ../libDaisy/build/libdaisy.a(stm32h7xx_hal_qspi.o)
                0x90049ab4                HAL_QSPI_DeInit
 .text.HAL_QSPI_Command
                0x90049af4      0x100 ../libDaisy/build/libdaisy.a(stm32h7xx_hal_qspi.o)
                0x90049af4                HAL_QSPI_Command
 .text.HAL_QSPI_Transmit
                0x90049bf4      0x10c ../libDaisy/build/libdaisy.a(stm32h7xx_hal_qspi.o)
                0x90049bf4                HAL_QSPI_Transmit
 .text.HAL_QSPI_Receive
                0x90049d00      0x120 ../libDaisy/build/libdaisy.a(stm32h7xx_hal_qspi.o)
                0x90049d00                HAL_QSPI_Receive
 .text.HAL_QSPI_AutoPolling
                0x90049e20      0x128 ../libDaisy/build/libdaisy.a(stm32h7xx_hal_qspi.o)
                0x90049e20                HAL_QSPI_AutoPolling
 .text.HAL_QSPI_MemoryMapped
                0x90049f48       0xbc ../libDaisy/build/libdaisy.a(stm32h7xx_hal_qspi.o)
                0x90049f48                HAL_QSPI_MemoryMapped
 .text.HAL_QSPI_ErrorCallback
                0x9004a004        0x4 ../libDaisy/build/libdaisy.a(stm32h7xx_hal_qspi.o)
                0x9004a004                HAL_QSPI_ErrorCallback
 .text.QSPI_DMAAbortCplt
                0x9004a008       0x38 ../libDaisy/build/libdaisy.a(stm32h7xx_hal_qspi.o)
 .text.HAL_QSPI_AbortCpltCallback
                0x9004a040        0x4 ../libDaisy/build/libdaisy.a(stm32h7xx_hal_qspi.o)
                0x9004a040                HAL_QSPI_AbortCpltCallback
 .text.HAL_QSPI_CmdCpltCallback
                0x9004a044        0x4 ../libDaisy/build/libdaisy.a(stm32h7xx_hal_qspi.o)
                0x9004a044                HAL_QSPI_CmdCpltCallback
 .text.HAL_QSPI_RxCpltCallback
                0x9004a048        0x4 ../libDaisy/build/libdaisy.a(stm32h7xx_hal_qspi.o)
                0x9004a048                HAL_QSPI_RxCpltCallback
 .text.HAL_QSPI_TxCpltCallback
                0x9004a04c        0x4 ../libDaisy/build/libdaisy.a(stm32h7xx_hal_qspi.o)
                0x9004a04c                HAL_QSPI_TxCpltCallback
 .text.HAL_QSPI_FifoThresholdCallback
                0x9004a050        0x4 ../libDaisy/build/libdaisy.a(stm32h7xx_hal_qspi.o)
                0x9004a050                HAL_QSPI_FifoThresholdCallback
 .text.HAL_QSPI_StatusMatchCallback
                0x9004a054        0x4 ../libDaisy/build/libdaisy.a(stm32h7xx_hal_qspi.o)
                0x9004a054                HAL_QSPI_StatusMatchCallback
 .text.HAL_QSPI_TimeOutCallback
                0x9004a058        0x4 ../libDaisy/build/libdaisy.a(stm32h7xx_hal_qspi.o)
                0x9004a058                HAL_QSPI_TimeOutCallback
 .text.HAL_QSPI_IRQHandler
                0x9004a05c      0x248 ../libDaisy/build/libdaisy.a(stm32h7xx_hal_qspi.o)
                0x9004a05c                HAL_QSPI_IRQHandler
 .text.HAL_RCC_OscConfig
                0x9004a2a4      0x518 ../libDaisy/build/libdaisy.a(stm32h7xx_hal_rcc.o)
                0x9004a2a4                HAL_RCC_OscConfig
 .text.HAL_RCC_GetSysClockFreq
                0x9004a7bc      0x120 ../libDaisy/build/libdaisy.a(stm32h7xx_hal_rcc.o)
                0x9004a7bc                HAL_RCC_GetSysClockFreq
 .text.HAL_RCC_ClockConfig
                0x9004a8dc      0x22c ../libDaisy/build/libdaisy.a(stm32h7xx_hal_rcc.o)
                0x9004a8dc                HAL_RCC_ClockConfig
 .text.HAL_RCC_GetHCLKFreq
                0x9004ab08       0x2c ../libDaisy/build/libdaisy.a(stm32h7xx_hal_rcc.o)
                0x9004ab08                HAL_RCC_GetHCLKFreq
 .text.HAL_RCC_GetPCLK1Freq
                0x9004ab34       0x3c ../libDaisy/build/libdaisy.a(stm32h7xx_hal_rcc.o)
                0x9004ab34                HAL_RCC_GetPCLK1Freq
 .text.HAL_RCC_GetPCLK2Freq
                0x9004ab70       0x3c ../libDaisy/build/libdaisy.a(stm32h7xx_hal_rcc.o)
                0x9004ab70                HAL_RCC_GetPCLK2Freq
 .text.RCCEx_PLL2_Config.part.0
                0x9004abac       0xe0 ../libDaisy/build/libdaisy.a(stm32h7xx_hal_rcc_ex.o)
 .text.RCCEx_PLL3_Config.part.0
                0x9004ac8c       0xe0 ../libDaisy/build/libdaisy.a(stm32h7xx_hal_rcc_ex.o)
 .text.HAL_RCCEx_PeriphCLKConfig
                0x9004ad6c      0xcd4 ../libDaisy/build/libdaisy.a(stm32h7xx_hal_rcc_ex.o)
                0x9004ad6c                HAL_RCCEx_PeriphCLKConfig
 .text.HAL_RCCEx_GetD3PCLK1Freq
                0x9004ba40       0x24 ../libDaisy/build/libdaisy.a(stm32h7xx_hal_rcc_ex.o)
                0x9004ba40                HAL_RCCEx_GetD3PCLK1Freq
 .text.HAL_RCCEx_GetPLL2ClockFreq
                0x9004ba64      0x138 ../libDaisy/build/libdaisy.a(stm32h7xx_hal_rcc_ex.o)
                0x9004ba64                HAL_RCCEx_GetPLL2ClockFreq
 .text.HAL_RCCEx_GetPLL3ClockFreq
                0x9004bb9c      0x138 ../libDaisy/build/libdaisy.a(stm32h7xx_hal_rcc_ex.o)
                0x9004bb9c                HAL_RCCEx_GetPLL3ClockFreq
 .text.HAL_RCCEx_GetPLL1ClockFreq
                0x9004bcd4      0x138 ../libDaisy/build/libdaisy.a(stm32h7xx_hal_rcc_ex.o)
                0x9004bcd4                HAL_RCCEx_GetPLL1ClockFreq
 .text.HAL_RCCEx_GetPeriphCLKFreq
                0x9004be0c      0x15c ../libDaisy/build/libdaisy.a(stm32h7xx_hal_rcc_ex.o)
                0x9004be0c                HAL_RCCEx_GetPeriphCLKFreq
 .text.HAL_RCCEx_GetD1SysClockFreq
                0x9004bf68       0x2c ../libDaisy/build/libdaisy.a(stm32h7xx_hal_rcc_ex.o)
                0x9004bf68                HAL_RCCEx_GetD1SysClockFreq
 .text.HAL_SAI_Init
                0x9004bf94      0x394 ../libDaisy/build/libdaisy.a(stm32h7xx_hal_sai.o)
                0x9004bf94                HAL_SAI_Init
 .text.HAL_SAI_InitProtocol
                0x9004c328      0x19c ../libDaisy/build/libdaisy.a(stm32h7xx_hal_sai.o)
                0x9004c328                HAL_SAI_InitProtocol
 .text.HAL_SAI_Transmit_DMA
                0x9004c4c4      0x10c ../libDaisy/build/libdaisy.a(stm32h7xx_hal_sai.o)
                0x9004c4c4                HAL_SAI_Transmit_DMA
 .text.HAL_SAI_Receive_DMA
                0x9004c5d0       0xc4 ../libDaisy/build/libdaisy.a(stm32h7xx_hal_sai.o)
                0x9004c5d0                HAL_SAI_Receive_DMA
 .text.HAL_SAI_TxCpltCallback
                0x9004c694        0x4 ../libDaisy/build/libdaisy.a(stm32h7xx_hal_sai.o)
                0x9004c694                HAL_SAI_TxCpltCallback
 .text.SAI_DMATxCplt
                0x9004c698       0x60 ../libDaisy/build/libdaisy.a(stm32h7xx_hal_sai.o)
 .text.HAL_SAI_TxHalfCpltCallback
                0x9004c6f8        0x4 ../libDaisy/build/libdaisy.a(stm32h7xx_hal_sai.o)
                0x9004c6f8                HAL_SAI_TxHalfCpltCallback
 .text.SAI_DMATxHalfCplt
                0x9004c6fc        0xc ../libDaisy/build/libdaisy.a(stm32h7xx_hal_sai.o)
 .text.SAI_DMARxCplt
                0x9004c708       0x60 ../libDaisy/build/libdaisy.a(stm32h7xx_hal_sai.o)
 .text.SAI_DMARxHalfCplt
                0x9004c768        0xc ../libDaisy/build/libdaisy.a(stm32h7xx_hal_sai.o)
 .text.HAL_SAI_ErrorCallback
                0x9004c774        0x4 ../libDaisy/build/libdaisy.a(stm32h7xx_hal_sai.o)
                0x9004c774                HAL_SAI_ErrorCallback
 .text.SAI_DMAError
                0x9004c778       0x6c ../libDaisy/build/libdaisy.a(stm32h7xx_hal_sai.o)
 .text.HAL_SDRAM_Init
                0x9004c7e4       0x54 ../libDaisy/build/libdaisy.a(stm32h7xx_hal_sdram.o)
                0x9004c7e4                HAL_SDRAM_Init
 .text.HAL_SDRAM_SendCommand
                0x9004c838       0x44 ../libDaisy/build/libdaisy.a(stm32h7xx_hal_sdram.o)
                0x9004c838                HAL_SDRAM_SendCommand
 .text.HAL_SDRAM_ProgramRefreshRate
                0x9004c87c       0x3c ../libDaisy/build/libdaisy.a(stm32h7xx_hal_sdram.o)
                0x9004c87c                HAL_SDRAM_ProgramRefreshRate
 .text.HAL_TIM_Base_Init
                0x9004c8b8      0x12c ../libDaisy/build/libdaisy.a(stm32h7xx_hal_tim.o)
                0x9004c8b8                HAL_TIM_Base_Init
 .text.HAL_TIM_Base_Start
                0x9004c9e4       0x34 ../libDaisy/build/libdaisy.a(stm32h7xx_hal_tim.o)
                0x9004c9e4                HAL_TIM_Base_Start
 .text.HAL_TIM_Base_Start_IT
                0x9004ca18       0x2c ../libDaisy/build/libdaisy.a(stm32h7xx_hal_tim.o)
                0x9004ca18                HAL_TIM_Base_Start_IT
 .text.HAL_TIM_ConfigClockSource
                0x9004ca44      0x1a4 ../libDaisy/build/libdaisy.a(stm32h7xx_hal_tim.o)
                0x9004ca44                HAL_TIM_ConfigClockSource
 .text.HAL_TIM_OC_DelayElapsedCallback
                0x9004cbe8        0x4 ../libDaisy/build/libdaisy.a(stm32h7xx_hal_tim.o)
                0x9004cbe8                HAL_TIM_OC_DelayElapsedCallback
 .text.HAL_TIM_IC_CaptureCallback
                0x9004cbec        0x4 ../libDaisy/build/libdaisy.a(stm32h7xx_hal_tim.o)
                0x9004cbec                HAL_TIM_IC_CaptureCallback
 .text.HAL_TIM_PWM_PulseFinishedCallback
                0x9004cbf0        0x4 ../libDaisy/build/libdaisy.a(stm32h7xx_hal_tim.o)
                0x9004cbf0                HAL_TIM_PWM_PulseFinishedCallback
 .text.HAL_TIM_TriggerCallback
                0x9004cbf4        0x4 ../libDaisy/build/libdaisy.a(stm32h7xx_hal_tim.o)
                0x9004cbf4                HAL_TIM_TriggerCallback
 .text.HAL_TIM_IRQHandler
                0x9004cbf8      0x170 ../libDaisy/build/libdaisy.a(stm32h7xx_hal_tim.o)
                0x9004cbf8                HAL_TIM_IRQHandler
 .text.HAL_TIMEx_MasterConfigSynchronization
                0x9004cd68       0x68 ../libDaisy/build/libdaisy.a(stm32h7xx_hal_tim_ex.o)
                0x9004cd68                HAL_TIMEx_MasterConfigSynchronization
 .text.HAL_TIMEx_CommutCallback
                0x9004cdd0        0x4 ../libDaisy/build/libdaisy.a(stm32h7xx_hal_tim_ex.o)
                0x9004cdd0                HAL_TIMEx_CommutCallback
 .text.HAL_TIMEx_BreakCallback
                0x9004cdd4        0x4 ../libDaisy/build/libdaisy.a(stm32h7xx_hal_tim_ex.o)
                0x9004cdd4                HAL_TIMEx_BreakCallback
 .text.HAL_TIMEx_Break2Callback
                0x9004cdd8        0x4 ../libDaisy/build/libdaisy.a(stm32h7xx_hal_tim_ex.o)
                0x9004cdd8                HAL_TIMEx_Break2Callback
 .text.FMC_SDRAM_Init
                0x9004cddc       0x6c ../libDaisy/build/libdaisy.a(stm32h7xx_ll_fmc.o)
                0x9004cddc                FMC_SDRAM_Init
 .text.FMC_SDRAM_Timing_Init
                0x9004ce48       0x78 ../libDaisy/build/libdaisy.a(stm32h7xx_ll_fmc.o)
                0x9004ce48                FMC_SDRAM_Timing_Init
 .text.FMC_SDRAM_SendCommand
                0x9004cec0       0x28 ../libDaisy/build/libdaisy.a(stm32h7xx_ll_fmc.o)
                0x9004cec0                FMC_SDRAM_SendCommand
 .text.FMC_SDRAM_ProgramRefreshRate
                0x9004cee8       0x14 ../libDaisy/build/libdaisy.a(stm32h7xx_ll_fmc.o)
                0x9004cee8                FMC_SDRAM_ProgramRefreshRate
 .text.USB_SetTurnaroundTime
                0x9004cefc      0x104 ../libDaisy/build/libdaisy.a(stm32h7xx_ll_usb.o)
                0x9004cefc                USB_SetTurnaroundTime
 .text.USB_FlushTxFifo
                0x9004d000       0x34 ../libDaisy/build/libdaisy.a(stm32h7xx_ll_usb.o)
                0x9004d000                USB_FlushTxFifo
 .text.USB_GetDevSpeed
                0x9004d034       0x24 ../libDaisy/build/libdaisy.a(stm32h7xx_ll_usb.o)
                0x9004d034                USB_GetDevSpeed
 .text.USB_ActivateEndpoint
                0x9004d058       0x94 ../libDaisy/build/libdaisy.a(stm32h7xx_ll_usb.o)
                0x9004d058                USB_ActivateEndpoint
 .text.USB_EPStartXfer
                0x9004d0ec      0x214 ../libDaisy/build/libdaisy.a(stm32h7xx_ll_usb.o)
                0x9004d0ec                USB_EPStartXfer
 .text.USB_EP0StartXfer
                0x9004d300      0x100 ../libDaisy/build/libdaisy.a(stm32h7xx_ll_usb.o)
                0x9004d300                USB_EP0StartXfer
 .text.USB_WritePacket
                0x9004d400       0x28 ../libDaisy/build/libdaisy.a(stm32h7xx_ll_usb.o)
                0x9004d400                USB_WritePacket
 .text.USB_ReadPacket
                0x9004d428       0x2c ../libDaisy/build/libdaisy.a(stm32h7xx_ll_usb.o)
                0x9004d428                USB_ReadPacket
 .text.USB_EPSetStall
                0x9004d454       0x68 ../libDaisy/build/libdaisy.a(stm32h7xx_ll_usb.o)
                0x9004d454                USB_EPSetStall
 .text.USB_EPClearStall
                0x9004d4bc       0x58 ../libDaisy/build/libdaisy.a(stm32h7xx_ll_usb.o)
                0x9004d4bc                USB_EPClearStall
 .text.USB_SetDevAddress
                0x9004d514       0x24 ../libDaisy/build/libdaisy.a(stm32h7xx_ll_usb.o)
                0x9004d514                USB_SetDevAddress
 .text.USB_ReadInterrupts
                0x9004d538       0x14 ../libDaisy/build/libdaisy.a(stm32h7xx_ll_usb.o)
                0x9004d538                USB_ReadInterrupts
 .text.USB_ReadDevAllOutEpInterrupt
                0x9004d54c       0x1c ../libDaisy/build/libdaisy.a(stm32h7xx_ll_usb.o)
                0x9004d54c                USB_ReadDevAllOutEpInterrupt
 .text.USB_ReadDevAllInEpInterrupt
                0x9004d568       0x1c ../libDaisy/build/libdaisy.a(stm32h7xx_ll_usb.o)
                0x9004d568                USB_ReadDevAllInEpInterrupt
 .text.USB_ReadDevOutEPInterrupt
                0x9004d584       0x1c ../libDaisy/build/libdaisy.a(stm32h7xx_ll_usb.o)
                0x9004d584                USB_ReadDevOutEPInterrupt
 .text.USB_ReadDevInEPInterrupt
                0x9004d5a0       0x38 ../libDaisy/build/libdaisy.a(stm32h7xx_ll_usb.o)
                0x9004d5a0                USB_ReadDevInEPInterrupt
 .text.USB_GetMode
                0x9004d5d8        0x8 ../libDaisy/build/libdaisy.a(stm32h7xx_ll_usb.o)
                0x9004d5d8                USB_GetMode
 .text.USB_ActivateSetup
                0x9004d5e0       0x34 ../libDaisy/build/libdaisy.a(stm32h7xx_ll_usb.o)
                0x9004d5e0                USB_ActivateSetup
 .text.USB_EP0_OutStart
                0x9004d614       0x54 ../libDaisy/build/libdaisy.a(stm32h7xx_ll_usb.o)
                0x9004d614                USB_EP0_OutStart
 .text.USB_InitFSLSPClkSel
                0x9004d668       0x44 ../libDaisy/build/libdaisy.a(stm32h7xx_ll_usb.o)
                0x9004d668                USB_InitFSLSPClkSel
 .text.USB_HC_ReadInterrupt
                0x9004d6ac        0x8 ../libDaisy/build/libdaisy.a(stm32h7xx_ll_usb.o)
                0x9004d6ac                USB_HC_ReadInterrupt
 .text.USB_HC_Halt
                0x9004d6b4       0xc0 ../libDaisy/build/libdaisy.a(stm32h7xx_ll_usb.o)
                0x9004d6b4                USB_HC_Halt
 .text.USB_StopHost
                0x9004d774       0xe0 ../libDaisy/build/libdaisy.a(stm32h7xx_ll_usb.o)
                0x9004d774                USB_StopHost
 .text.USBD_SetClassConfig
                0x9004d854       0x1c ../libDaisy/build/libdaisy.a(usbd_core.o)
                0x9004d854                USBD_SetClassConfig
 .text.USBD_ClrClassConfig
                0x9004d870       0x10 ../libDaisy/build/libdaisy.a(usbd_core.o)
                0x9004d870                USBD_ClrClassConfig
 .text.USBD_LL_SetupStage
                0x9004d880       0x68 ../libDaisy/build/libdaisy.a(usbd_core.o)
                0x9004d880                USBD_LL_SetupStage
 .text.USBD_LL_DataOutStage
                0x9004d8e8       0x80 ../libDaisy/build/libdaisy.a(usbd_core.o)
                0x9004d8e8                USBD_LL_DataOutStage
 .text.USBD_LL_DataInStage
                0x9004d968       0xd4 ../libDaisy/build/libdaisy.a(usbd_core.o)
                0x9004d968                USBD_LL_DataInStage
 .text.USBD_LL_Reset
                0x9004da3c       0x50 ../libDaisy/build/libdaisy.a(usbd_core.o)
                0x9004da3c                USBD_LL_Reset
 .text.USBD_LL_SetSpeed
                0x9004da8c        0x8 ../libDaisy/build/libdaisy.a(usbd_core.o)
                0x9004da8c                USBD_LL_SetSpeed
 .text.USBD_LL_Suspend
                0x9004da94       0x14 ../libDaisy/build/libdaisy.a(usbd_core.o)
                0x9004da94                USBD_LL_Suspend
 .text.USBD_LL_Resume
                0x9004daa8       0x10 ../libDaisy/build/libdaisy.a(usbd_core.o)
                0x9004daa8                USBD_LL_Resume
 .text.USBD_LL_SOF
                0x9004dab8       0x1c ../libDaisy/build/libdaisy.a(usbd_core.o)
                0x9004dab8                USBD_LL_SOF
 .text.USBD_LL_IsoINIncomplete
                0x9004dad4        0x4 ../libDaisy/build/libdaisy.a(usbd_core.o)
                0x9004dad4                USBD_LL_IsoINIncomplete
 .text.USBD_LL_IsoOUTIncomplete
                0x9004dad8        0x4 ../libDaisy/build/libdaisy.a(usbd_core.o)
                0x9004dad8                USBD_LL_IsoOUTIncomplete
 .text.USBD_LL_DevConnected
                0x9004dadc        0x4 ../libDaisy/build/libdaisy.a(usbd_core.o)
                0x9004dadc                USBD_LL_DevConnected
 .text.USBD_LL_DevDisconnected
                0x9004dae0       0x18 ../libDaisy/build/libdaisy.a(usbd_core.o)
                0x9004dae0                USBD_LL_DevDisconnected
 .text.USBD_StdDevReq
                0x9004daf8      0x308 ../libDaisy/build/libdaisy.a(usbd_ctlreq.o)
                0x9004daf8                USBD_StdDevReq
 .text.USBD_StdItfReq
                0x9004de00       0x70 ../libDaisy/build/libdaisy.a(usbd_ctlreq.o)
                0x9004de00                USBD_StdItfReq
 .text.USBD_StdEPReq
                0x9004de70      0x160 ../libDaisy/build/libdaisy.a(usbd_ctlreq.o)
                0x9004de70                USBD_StdEPReq
 .text.USBD_ParseSetupRequest
                0x9004dfd0       0x18 ../libDaisy/build/libdaisy.a(usbd_ctlreq.o)
                0x9004dfd0                USBD_ParseSetupRequest
 .text.USBD_CtlSendData
                0x9004dfe8       0x1c ../libDaisy/build/libdaisy.a(usbd_ioreq.o)
                0x9004dfe8                USBD_CtlSendData
 .text.USBD_CtlContinueSendData
                0x9004e004       0x10 ../libDaisy/build/libdaisy.a(usbd_ioreq.o)
                0x9004e004                USBD_CtlContinueSendData
 .text.USBD_CtlContinueRx
                0x9004e014       0x10 ../libDaisy/build/libdaisy.a(usbd_ioreq.o)
                0x9004e014                USBD_CtlContinueRx
 .text.USBD_CtlSendStatus
                0x9004e024       0x18 ../libDaisy/build/libdaisy.a(usbd_ioreq.o)
                0x9004e024                USBD_CtlSendStatus
 .text.USBD_CtlReceiveStatus
                0x9004e03c       0x18 ../libDaisy/build/libdaisy.a(usbd_ioreq.o)
                0x9004e03c                USBD_CtlReceiveStatus
 .text.USBH_LL_IncTimer
                0x9004e054       0x20 ../libDaisy/build/libdaisy.a(usbh_core.o)
                0x9004e054                USBH_LL_IncTimer
 .text.USBH_LL_PortEnabled
                0x9004e074        0x8 ../libDaisy/build/libdaisy.a(usbh_core.o)
                0x9004e074                USBH_LL_PortEnabled
 .text.USBH_LL_PortDisabled
                0x9004e07c        0x8 ../libDaisy/build/libdaisy.a(usbh_core.o)
                0x9004e07c                USBH_LL_PortDisabled
 .text.USBH_LL_Connect
                0x9004e084       0x18 ../libDaisy/build/libdaisy.a(usbh_core.o)
                0x9004e084                USBH_LL_Connect
 .text.USBH_LL_Disconnect
                0x9004e09c       0x2c ../libDaisy/build/libdaisy.a(usbh_core.o)
                0x9004e09c                USBH_LL_Disconnect
 .text.USBH_FreePipe
                0x9004e0c8       0x18 ../libDaisy/build/libdaisy.a(usbh_pipes.o)
                0x9004e0c8                USBH_FreePipe
 .text._ZN5daisy6Random4InitEv
                0x9004e0e0       0x3c ../libDaisy/build/libdaisy.a(rng.o)
                0x9004e0e0                daisy::Random::Init()
 .text._ZN5daisy9SpiHandle4Impl7InitDmaEv
                0x9004e11c       0xf4 ../libDaisy/build/libdaisy.a(spi.o)
                0x9004e11c                daisy::SpiHandle::Impl::InitDma()
 .text._ZN5daisy9SpiHandle4Impl10StartDmaTxEPhjPFvPvEPFvS3_NS0_6ResultEES3_
                0x9004e210       0x88 ../libDaisy/build/libdaisy.a(spi.o)
                0x9004e210                daisy::SpiHandle::Impl::StartDmaTx(unsigned char*, unsigned int, void (*)(void*), void (*)(void*, daisy::SpiHandle::Result), void*)
 .text._ZN5daisy9SpiHandle4Impl10StartDmaRxEPhjPFvPvEPFvS3_NS0_6ResultEES3_
                0x9004e298       0x88 ../libDaisy/build/libdaisy.a(spi.o)
                0x9004e298                daisy::SpiHandle::Impl::StartDmaRx(unsigned char*, unsigned int, void (*)(void*), void (*)(void*, daisy::SpiHandle::Result), void*)
 .text._ZN5daisy9SpiHandle4Impl12StartDmaRxTxEPhS2_jPFvPvEPFvS3_NS0_6ResultEES3_
                0x9004e320       0x84 ../libDaisy/build/libdaisy.a(spi.o)
                0x9004e320                daisy::SpiHandle::Impl::StartDmaRxTx(unsigned char*, unsigned char*, unsigned int, void (*)(void*), void (*)(void*, daisy::SpiHandle::Result), void*)
 .text._ZN5daisy9SpiHandle4Impl8InitPinsEv
                0x9004e3a4      0x238 ../libDaisy/build/libdaisy.a(spi.o)
                0x9004e3a4                daisy::SpiHandle::Impl::InitPins()
 .text.HAL_SPI_MspInit
                0x9004e5dc      0x1a8 ../libDaisy/build/libdaisy.a(spi.o)
                0x9004e5dc                HAL_SPI_MspInit
 *fill*         0x9004e784        0x4 
 .text.dsy_spi_global_init
                0x9004e788       0x60 ../libDaisy/build/libdaisy.a(spi.o)
                0x9004e788                dsy_spi_global_init
 .text.SPI1_IRQHandler
                0x9004e7e8        0xc ../libDaisy/build/libdaisy.a(spi.o)
                0x9004e7e8                SPI1_IRQHandler
 .text.SPI2_IRQHandler
                0x9004e7f4        0xc ../libDaisy/build/libdaisy.a(spi.o)
                0x9004e7f4                SPI2_IRQHandler
 .text.SPI3_IRQHandler
                0x9004e800        0xc ../libDaisy/build/libdaisy.a(spi.o)
                0x9004e800                SPI3_IRQHandler
 .text.SPI4_IRQHandler
                0x9004e80c        0xc ../libDaisy/build/libdaisy.a(spi.o)
                0x9004e80c                SPI4_IRQHandler
 .text.SPI5_IRQHandler
                0x9004e818        0xc ../libDaisy/build/libdaisy.a(spi.o)
                0x9004e818                SPI5_IRQHandler
 .text.DMA2_Stream2_IRQHandler
                0x9004e824       0x40 ../libDaisy/build/libdaisy.a(spi.o)
                0x9004e824                DMA2_Stream2_IRQHandler
 .text.DMA2_Stream3_IRQHandler
                0x9004e864       0x40 ../libDaisy/build/libdaisy.a(spi.o)
                0x9004e864                DMA2_Stream3_IRQHandler
 .text.HAL_SPI_TxCpltCallback
                0x9004e8a4       0xc0 ../libDaisy/build/libdaisy.a(spi.o)
                0x9004e8a4                HAL_SPI_TxCpltCallback
 .text.HAL_SPI_RxCpltCallback
                0x9004e964       0xc0 ../libDaisy/build/libdaisy.a(spi.o)
                0x9004e964                HAL_SPI_RxCpltCallback
 .text.HAL_SPI_TxRxCpltCallback
                0x9004ea24       0xc0 ../libDaisy/build/libdaisy.a(spi.o)
                0x9004ea24                HAL_SPI_TxRxCpltCallback
 .text.HAL_SPI_ErrorCallback
                0x9004eae4       0xc8 ../libDaisy/build/libdaisy.a(spi.o)
                0x9004eae4                HAL_SPI_ErrorCallback
 *fill*         0x9004ebac        0x4 
 .text.startup._GLOBAL__sub_I__Z19MapInstanceToHandleP11SPI_TypeDef
                0x9004ebb0      0x1cc ../libDaisy/build/libdaisy.a(spi.o)
 .text.HAL_TIM_Base_MspInit
                0x9004ed7c      0x198 ../libDaisy/build/libdaisy.a(tim.o)
                0x9004ed7c                HAL_TIM_Base_MspInit
 .text.HAL_TIM_PeriodElapsedCallback
                0x9004ef14       0x44 ../libDaisy/build/libdaisy.a(tim.o)
                0x9004ef14                HAL_TIM_PeriodElapsedCallback
 .text.TIM2_IRQHandler
                0x9004ef58        0xc ../libDaisy/build/libdaisy.a(tim.o)
                0x9004ef58                TIM2_IRQHandler
 .text.TIM3_IRQHandler
                0x9004ef64        0xc ../libDaisy/build/libdaisy.a(tim.o)
                0x9004ef64                TIM3_IRQHandler
 .text.TIM4_IRQHandler
                0x9004ef70        0xc ../libDaisy/build/libdaisy.a(tim.o)
                0x9004ef70                TIM4_IRQHandler
 .text.TIM5_IRQHandler
                0x9004ef7c        0xc ../libDaisy/build/libdaisy.a(tim.o)
                0x9004ef7c                TIM5_IRQHandler
 .text._ZN5daisy11TimerHandle4InitERKNS0_6ConfigE
                0x9004ef88       0xc4 ../libDaisy/build/libdaisy.a(tim.o)
                0x9004ef88                daisy::TimerHandle::Init(daisy::TimerHandle::Config const&)
 .text._ZN5daisy11TimerHandle5StartEv
                0x9004f04c       0x24 ../libDaisy/build/libdaisy.a(tim.o)
                0x9004f04c                daisy::TimerHandle::Start()
 .text.startup._GLOBAL__sub_I__ZN5daisy11TimerHandle4Impl4InitERKNS0_6ConfigE
                0x9004f070       0x44 ../libDaisy/build/libdaisy.a(tim.o)
 .text._ZL20UART_CheckRxListenerPN5daisy11UartHandler4ImplE
                0x9004f0b4       0x88 ../libDaisy/build/libdaisy.a(uart.o)
 .text._ZN5daisy11UartHandler4Impl10StartDmaTxEPhjPFvPvEPFvS3_NS0_6ResultEES3_
                0x9004f13c      0x16c ../libDaisy/build/libdaisy.a(uart.o)
                0x9004f13c                daisy::UartHandler::Impl::StartDmaTx(unsigned char*, unsigned int, void (*)(void*), void (*)(void*, daisy::UartHandler::Result), void*)
 .text._ZN5daisy11UartHandler4Impl10StartDmaRxEPhjPFvPvEPFvS3_NS0_6ResultEES3_
                0x9004f2a8      0x16c ../libDaisy/build/libdaisy.a(uart.o)
                0x9004f2a8                daisy::UartHandler::Impl::StartDmaRx(unsigned char*, unsigned int, void (*)(void*), void (*)(void*, daisy::UartHandler::Result), void*)
 .text._ZN5daisy11UartHandler4Impl19DmaTransferFinishedEP20__UART_HandleTypeDefNS0_6ResultE
                0x9004f414       0xbc ../libDaisy/build/libdaisy.a(uart.o)
                0x9004f414                daisy::UartHandler::Impl::DmaTransferFinished(__UART_HandleTypeDef*, daisy::UartHandler::Result)
 .text._ZN5daisy11UartHandler4Impl8InitPinsEv
                0x9004f4d0      0x174 ../libDaisy/build/libdaisy.a(uart.o)
                0x9004f4d0                daisy::UartHandler::Impl::InitPins()
 .text.HAL_UART_MspInit
                0x9004f644      0x214 ../libDaisy/build/libdaisy.a(uart.o)
                0x9004f644                HAL_UART_MspInit
 .text.dsy_uart_global_init
                0x9004f858       0xb8 ../libDaisy/build/libdaisy.a(uart.o)
                0x9004f858                dsy_uart_global_init
 .text.USART1_IRQHandler
                0x9004f910       0x30 ../libDaisy/build/libdaisy.a(uart.o)
                0x9004f910                USART1_IRQHandler
 .text.USART2_IRQHandler
                0x9004f940       0x38 ../libDaisy/build/libdaisy.a(uart.o)
                0x9004f940                USART2_IRQHandler
 .text.USART3_IRQHandler
                0x9004f978       0x38 ../libDaisy/build/libdaisy.a(uart.o)
                0x9004f978                USART3_IRQHandler
 .text.UART4_IRQHandler
                0x9004f9b0       0x38 ../libDaisy/build/libdaisy.a(uart.o)
                0x9004f9b0                UART4_IRQHandler
 .text.UART5_IRQHandler
                0x9004f9e8       0x38 ../libDaisy/build/libdaisy.a(uart.o)
                0x9004f9e8                UART5_IRQHandler
 .text.USART6_IRQHandler
                0x9004fa20       0x38 ../libDaisy/build/libdaisy.a(uart.o)
                0x9004fa20                USART6_IRQHandler
 .text.UART7_IRQHandler
                0x9004fa58       0x38 ../libDaisy/build/libdaisy.a(uart.o)
                0x9004fa58                UART7_IRQHandler
 .text.UART8_IRQHandler
                0x9004fa90       0x38 ../libDaisy/build/libdaisy.a(uart.o)
                0x9004fa90                UART8_IRQHandler
 .text.LPUART1_IRQHandler
                0x9004fac8       0x38 ../libDaisy/build/libdaisy.a(uart.o)
                0x9004fac8                LPUART1_IRQHandler
 .text.DMA1_Stream5_IRQHandler
                0x9004fb00       0x40 ../libDaisy/build/libdaisy.a(uart.o)
                0x9004fb00                DMA1_Stream5_IRQHandler
 .text.DMA2_Stream4_IRQHandler
                0x9004fb40       0x40 ../libDaisy/build/libdaisy.a(uart.o)
                0x9004fb40                DMA2_Stream4_IRQHandler
 .text.HAL_UART_TxCpltCallback
                0x9004fb80        0x8 ../libDaisy/build/libdaisy.a(uart.o)
                0x9004fb80                HAL_UART_TxCpltCallback
 .text.HAL_UART_RxCpltCallback
                0x9004fb88       0x94 ../libDaisy/build/libdaisy.a(uart.o)
                0x9004fb88                HAL_UART_RxCpltCallback
 .text.HAL_UART_RxHalfCpltCallback
                0x9004fc1c       0x90 ../libDaisy/build/libdaisy.a(uart.o)
                0x9004fc1c                HAL_UART_RxHalfCpltCallback
 .text.HAL_UART_ErrorCallback
                0x9004fcac        0x8 ../libDaisy/build/libdaisy.a(uart.o)
                0x9004fcac                HAL_UART_ErrorCallback
 *fill*         0x9004fcb4        0x4 
 .text.startup._GLOBAL__sub_I__Z19MapInstanceToHandleP13USART_TypeDef
                0x9004fcb8      0x1bc ../libDaisy/build/libdaisy.a(uart.o)
 .text.dsy_dma_init
                0x9004fe74      0x104 ../libDaisy/build/libdaisy.a(dma.o)
                0x9004fe74                dsy_dma_init
 .text.dsy_dma_invalidate_cache_for_buffer
                0x9004ff78       0x2c ../libDaisy/build/libdaisy.a(dma.o)
                0x9004ff78                dsy_dma_invalidate_cache_for_buffer
 .text.HAL_MDMA_Abort_IT
                0x9004ffa4       0x28 ../libDaisy/build/libdaisy.a(stm32h7xx_hal_mdma.o)
                0x9004ffa4                HAL_MDMA_Abort_IT
 .text.SPI_CloseTransfer
                0x9004ffcc       0xc0 ../libDaisy/build/libdaisy.a(stm32h7xx_hal_spi.o)
 .text.HAL_SPI_Init
                0x9005008c      0x180 ../libDaisy/build/libdaisy.a(stm32h7xx_hal_spi.o)
                0x9005008c                HAL_SPI_Init
 .text.HAL_SPI_Transmit_DMA
                0x9005020c      0x158 ../libDaisy/build/libdaisy.a(stm32h7xx_hal_spi.o)
                0x9005020c                HAL_SPI_Transmit_DMA
 .text.HAL_SPI_TransmitReceive_DMA
                0x90050364      0x1f4 ../libDaisy/build/libdaisy.a(stm32h7xx_hal_spi.o)
                0x90050364                HAL_SPI_TransmitReceive_DMA
 .text.HAL_SPI_Receive_DMA
                0x90050558      0x18c ../libDaisy/build/libdaisy.a(stm32h7xx_hal_spi.o)
                0x90050558                HAL_SPI_Receive_DMA
 .text.SPI_DMATransmitCplt
                0x900506e4       0x28 ../libDaisy/build/libdaisy.a(stm32h7xx_hal_spi.o)
 .text.SPI_DMAReceiveCplt
                0x9005070c       0x28 ../libDaisy/build/libdaisy.a(stm32h7xx_hal_spi.o)
 .text.SPI_DMATransmitReceiveCplt
                0x90050734       0x28 ../libDaisy/build/libdaisy.a(stm32h7xx_hal_spi.o)
 .text.HAL_SPI_TxHalfCpltCallback
                0x9005075c        0x4 ../libDaisy/build/libdaisy.a(stm32h7xx_hal_spi.o)
                0x9005075c                HAL_SPI_TxHalfCpltCallback
 .text.SPI_DMAHalfTransmitCplt
                0x90050760        0xc ../libDaisy/build/libdaisy.a(stm32h7xx_hal_spi.o)
 .text.HAL_SPI_RxHalfCpltCallback
                0x9005076c        0x4 ../libDaisy/build/libdaisy.a(stm32h7xx_hal_spi.o)
                0x9005076c                HAL_SPI_RxHalfCpltCallback
 .text.SPI_DMAHalfReceiveCplt
                0x90050770        0xc ../libDaisy/build/libdaisy.a(stm32h7xx_hal_spi.o)
 .text.HAL_SPI_TxRxHalfCpltCallback
                0x9005077c        0x4 ../libDaisy/build/libdaisy.a(stm32h7xx_hal_spi.o)
                0x9005077c                HAL_SPI_TxRxHalfCpltCallback
 .text.SPI_DMAHalfTransmitReceiveCplt
                0x90050780        0xc ../libDaisy/build/libdaisy.a(stm32h7xx_hal_spi.o)
 .text.SPI_DMAError
                0x9005078c       0xd8 ../libDaisy/build/libdaisy.a(stm32h7xx_hal_spi.o)
 .text.HAL_SPI_IRQHandler
                0x90050864      0x2b0 ../libDaisy/build/libdaisy.a(stm32h7xx_hal_spi.o)
                0x90050864                HAL_SPI_IRQHandler
 .text.SPI_DMAAbortOnError
                0x90050b14       0x1c ../libDaisy/build/libdaisy.a(stm32h7xx_hal_spi.o)
 .text.HAL_SPI_GetState
                0x90050b30        0x8 ../libDaisy/build/libdaisy.a(stm32h7xx_hal_spi.o)
                0x90050b30                HAL_SPI_GetState
 .text.HAL_UART_Transmit_DMA
                0x90050b38       0x98 ../libDaisy/build/libdaisy.a(stm32h7xx_hal_uart.o)
                0x90050b38                HAL_UART_Transmit_DMA
 .text.HAL_UART_Receive_DMA
                0x90050bd0       0xa4 ../libDaisy/build/libdaisy.a(stm32h7xx_hal_uart.o)
                0x90050bd0                HAL_UART_Receive_DMA
 .text.UART_DMATransmitCplt
                0x90050c74       0x2c ../libDaisy/build/libdaisy.a(stm32h7xx_hal_uart.o)
 .text.HAL_UART_TxHalfCpltCallback
                0x90050ca0        0x4 ../libDaisy/build/libdaisy.a(stm32h7xx_hal_uart.o)
                0x90050ca0                HAL_UART_TxHalfCpltCallback
 .text.UART_DMATxHalfCplt
                0x90050ca4        0xc ../libDaisy/build/libdaisy.a(stm32h7xx_hal_uart.o)
 .text.UART_DMAReceiveCplt
                0x90050cb0       0x38 ../libDaisy/build/libdaisy.a(stm32h7xx_hal_uart.o)
 .text.UART_DMARxHalfCplt
                0x90050ce8        0xc ../libDaisy/build/libdaisy.a(stm32h7xx_hal_uart.o)
 .text.UART_DMAError
                0x90050cf4       0x80 ../libDaisy/build/libdaisy.a(stm32h7xx_hal_uart.o)
 .text.HAL_UART_IRQHandler
                0x90050d74      0x234 ../libDaisy/build/libdaisy.a(stm32h7xx_hal_uart.o)
                0x90050d74                HAL_UART_IRQHandler
 .text.UART_DMAAbortOnError
                0x90050fa8       0x14 ../libDaisy/build/libdaisy.a(stm32h7xx_hal_uart.o)
 .text.HAL_UART_GetState
                0x90050fbc        0xc ../libDaisy/build/libdaisy.a(stm32h7xx_hal_uart.o)
                0x90050fbc                HAL_UART_GetState
 .text.UART_SetConfig
                0x90050fc8      0x8b8 ../libDaisy/build/libdaisy.a(stm32h7xx_hal_uart.o)
                0x90050fc8                UART_SetConfig
 .text.UART_AdvFeatureConfig
                0x90051880       0xb0 ../libDaisy/build/libdaisy.a(stm32h7xx_hal_uart.o)
                0x90051880                UART_AdvFeatureConfig
 .text.UART_CheckIdleState
                0x90051930       0x80 ../libDaisy/build/libdaisy.a(stm32h7xx_hal_uart.o)
                0x90051930                UART_CheckIdleState
 .text.HAL_UART_Init
                0x900519b0       0x68 ../libDaisy/build/libdaisy.a(stm32h7xx_hal_uart.o)
                0x900519b0                HAL_UART_Init
 .text.HAL_UARTEx_WakeupCallback
                0x90051a18        0x4 ../libDaisy/build/libdaisy.a(stm32h7xx_hal_uart_ex.o)
                0x90051a18                HAL_UARTEx_WakeupCallback
 .text.HAL_UARTEx_RxFifoFullCallback
                0x90051a1c        0x4 ../libDaisy/build/libdaisy.a(stm32h7xx_hal_uart_ex.o)
                0x90051a1c                HAL_UARTEx_RxFifoFullCallback
 .text.HAL_UARTEx_TxFifoEmptyCallback
                0x90051a20        0x4 ../libDaisy/build/libdaisy.a(stm32h7xx_hal_uart_ex.o)
                0x90051a20                HAL_UARTEx_TxFifoEmptyCallback
 *fill*         0x90051a24        0x4 
 .text.powf     0x90051a28      0x318 /Applications/ArmGNUToolchain/15.2.rel1/arm-none-eabi/bin/../lib/gcc/arm-none-eabi/15.2.1/../../../../arm-none-eabi/lib/thumb/v7e-m+dp/hard/libm.a(libm_a-sf_pow.o)
                0x90051a28                powf
 .text.sinf     0x90051d40      0x1fc /Applications/ArmGNUToolchain/15.2.rel1/arm-none-eabi/bin/../lib/gcc/arm-none-eabi/15.2.1/../../../../arm-none-eabi/lib/thumb/v7e-m+dp/hard/libm.a(libm_a-sinf.o)
                0x90051d40                sinf
 *fill*         0x90051f3c        0x4 
 .text.cosf     0x90051f40      0x1fc /Applications/ArmGNUToolchain/15.2.rel1/arm-none-eabi/bin/../lib/gcc/arm-none-eabi/15.2.1/../../../../arm-none-eabi/lib/thumb/v7e-m+dp/hard/libm.a(libm_a-cosf.o)
                0x90051f40                cosf
 .text.with_errnof
                0x9005213c       0x18 /Applications/ArmGNUToolchain/15.2.rel1/arm-none-eabi/bin/../lib/gcc/arm-none-eabi/15.2.1/../../../../arm-none-eabi/lib/thumb/v7e-m+dp/hard/libm.a(libm_a-math_errf.o)
 .text.xflowf   0x90052154       0x20 /Applications/ArmGNUToolchain/15.2.rel1/arm-none-eabi/bin/../lib/gcc/arm-none-eabi/15.2.1/../../../../arm-none-eabi/lib/thumb/v7e-m+dp/hard/libm.a(libm_a-math_errf.o)
 .text.__math_uflowf
                0x90052174        0xc /Applications/ArmGNUToolchain/15.2.rel1/arm-none-eabi/bin/../lib/gcc/arm-none-eabi/15.2.1/../../../../arm-none-eabi/lib/thumb/v7e-m+dp/hard/libm.a(libm_a-math_errf.o)
                0x90052174                __math_uflowf
 .text.__math_may_uflowf
                0x90052180        0xc /Applications/ArmGNUToolchain/15.2.rel1/arm-none-eabi/bin/../lib/gcc/arm-none-eabi/15.2.1/../../../../arm-none-eabi/lib/thumb/v7e-m+dp/hard/libm.a(libm_a-math_errf.o)
                0x90052180                __math_may_uflowf
 .text.__math_oflowf
                0x9005218c        0xc /Applications/ArmGNUToolchain/15.2.rel1/arm-none-eabi/bin/../lib/gcc/arm-none-eabi/15.2.1/../../../../arm-none-eabi/lib/thumb/v7e-m+dp/hard/libm.a(libm_a-math_errf.o)
                0x9005218c                __math_oflowf
 .text.__math_divzerof
                0x90052198       0x24 /Applications/ArmGNUToolchain/15.2.rel1/arm-none-eabi/bin/../lib/gcc/arm-none-eabi/15.2.1/../../../../arm-none-eabi/lib/thumb/v7e-m+dp/hard/libm.a(libm_a-math_errf.o)
                0x90052198                __math_divzerof
 .text.__math_invalidf
                0x900521bc       0x20 /Applications/ArmGNUToolchain/15.2.rel1/arm-none-eabi/bin/../lib/gcc/arm-none-eabi/15.2.1/../../../../arm-none-eabi/lib/thumb/v7e-m+dp/hard/libm.a(libm_a-math_errf.o)
                0x900521bc                __math_invalidf
 .text.sqrtf    0x900521dc       0x50 /Applications/ArmGNUToolchain/15.2.rel1/arm-none-eabi/bin/../lib/gcc/arm-none-eabi/15.2.1/../../../../arm-none-eabi/lib/thumb/v7e-m+dp/hard/libm.a(libm_a-wf_sqrt.o)
                0x900521dc                sqrtf
 .text.__ieee754_sqrtf
                0x9005222c        0x8 /Applications/ArmGNUToolchain/15.2.rel1/arm-none-eabi/bin/../lib/gcc/arm-none-eabi/15.2.1/../../../../arm-none-eabi/lib/thumb/v7e-m+dp/hard/libm.a(libm_a-ef_sqrt.o)
                0x9005222c                __ieee754_sqrtf
 .text.memset   0x90052234       0x10 /Applications/ArmGNUToolchain/15.2.rel1/arm-none-eabi/bin/../lib/gcc/arm-none-eabi/15.2.1/../../../../arm-none-eabi/lib/thumb/v7e-m+dp/hard/libc_nano.a(libc_a-memset.o)
                0x90052234                memset
 .text.__errno  0x90052244        0xc /Applications/ArmGNUToolchain/15.2.rel1/arm-none-eabi/bin/../lib/gcc/arm-none-eabi/15.2.1/../../../../arm-none-eabi/lib/thumb/v7e-m+dp/hard/libc_nano.a(libc_a-errno.o)
                0x90052244                __errno
 .text.__libc_init_array
                0x90052250       0x48 /Applications/ArmGNUToolchain/15.2.rel1/arm-none-eabi/bin/../lib/gcc/arm-none-eabi/15.2.1/../../../../arm-none-eabi/lib/thumb/v7e-m+dp/hard/libc_nano.a(libc_a-init.o)
                0x90052250                __libc_init_array
 .text.memcpy   0x90052298       0x1c /Applications/ArmGNUToolchain/15.2.rel1/arm-none-eabi/bin/../lib/gcc/arm-none-eabi/15.2.1/../../../../arm-none-eabi/lib/thumb/v7e-m+dp/hard/libc_nano.a(libc_a-memcpy-stub.o)
                0x90052298                memcpy
 .text.__udivmoddi4
                0x900522b4      0x320 /Applications/ArmGNUToolchain/15.2.rel1/arm-none-eabi/bin/../lib/gcc/arm-none-eabi/15.2.1/thumb/v7e-m+dp/hard/libgcc.a(_udivmoddi4.o)
                0x900522b4                __udivmoddi4
 *(.rodata)
 .rodata        0x900525d4       0x18 ../libDaisy/build/libdaisy.a(daisy_patch_sm.o)
 .rodata        0x900525ec       0x10 ../libDaisy/build/libdaisy.a(i2c.o)
 .rodata        0x900525fc       0x10 ../libDaisy/build/libdaisy.a(tim.o)
 .rodata        0x9005260c       0x12 ../libDaisy/build/libdaisy.a(uart.o)
 *(.rodata*)
 *fill*         0x9005261e        0x2 
 .rodata._ZL13kReverbParams
                0x90052620       0x80 build/reverbsc.o
 .rodata._ZL16dsy_adc_rank_map
                0x900526a0       0x40 ../libDaisy/build/libdaisy.a(adc.o)
 .rodata.CSWTCH.40
                0x900526e0       0x14 ../libDaisy/build/libdaisy.a(sai.o)
 .rodata.CSWTCH.32
                0x900526f4        0xc ../libDaisy/build/libdaisy.a(sai.o)
 .rodata.CSWTCH.31
                0x90052700        0x3 ../libDaisy/build/libdaisy.a(sai.o)
 *fill*         0x90052703        0x1 
 .rodata.gpio_hal_pin_map
                0x90052704       0x20 ../libDaisy/build/libdaisy.a(hal_map.o)
 .rodata.gpio_hal_port_map
                0x90052724       0x30 ../libDaisy/build/libdaisy.a(hal_map.o)
 .rodata.flagBitshiftOffset.0
                0x90052754        0x8 ../libDaisy/build/libdaisy.a(stm32h7xx_hal_dma.o)
 .rodata._ZL16pins_periphs_spi
                0x9005275c       0x60 ../libDaisy/build/libdaisy.a(spi.o)
 .rodata._ZL13pins_none_spi
                0x900527bc        0x3 ../libDaisy/build/libdaisy.a(spi.o)
 *fill*         0x900527bf        0x1 
 .rodata.D1CorePrescTable
                0x900527c0       0x10 ../libDaisy/build/libdaisy.a(system_stm32h7xx.o)
                0x900527c0                D1CorePrescTable
 .rodata.CSWTCH.95
                0x900527d0       0x58 ../libDaisy/build/libdaisy.a(stm32h7xx_hal_uart.o)
 .rodata.CSWTCH.88
                0x90052828       0x2c ../libDaisy/build/libdaisy.a(stm32h7xx_hal_uart.o)
 .rodata.__inv_pio4
                0x90052854       0x60 /Applications/ArmGNUToolchain/15.2.rel1/arm-none-eabi/bin/../lib/gcc/arm-none-eabi/15.2.1/../../../../arm-none-eabi/lib/thumb/v7e-m+dp/hard/libm.a(libm_a-sincosf_data.o)
                0x90052854                __inv_pio4
 *fill*         0x900528b4        0x4 
 .rodata.__sincosf_table
                0x900528b8       0xe0 /Applications/ArmGNUToolchain/15.2.rel1/arm-none-eabi/bin/../lib/gcc/arm-none-eabi/15.2.1/../../../../arm-none-eabi/lib/thumb/v7e-m+dp/hard/libm.a(libm_a-sincosf_data.o)
                0x900528b8                __sincosf_table
 .rodata.__exp2f_data
                0x90052998      0x148 /Applications/ArmGNUToolchain/15.2.rel1/arm-none-eabi/bin/../lib/gcc/arm-none-eabi/15.2.1/../../../../arm-none-eabi/lib/thumb/v7e-m+dp/hard/libm.a(libm_a-sf_exp2_data.o)
                0x90052998                __exp2f_data
 .rodata.__powf_log2_data